Archive member included to satisfy reference by file (symbol)

app/blink/bsp_h723/libblink_bsp.a(h723_board.cc.obj)
                              app/blink/CMakeFiles/blink.dir/main.cc.obj (KFL::board_init())
common/drivers/platform/stm32h7/libhal.a(st_gpio.cc.obj)
                              app/blink/bsp_h723/libblink_bsp.a(h723_board.cc.obj) (KFL::Stmh7::HwGpio::HwGpio(KFL::Stmh7::StGpioParams const&))
mcu_support/stm32/h7xx/libst_h7_support.a(system_stm32h7xx.c.obj)
                              app/blink/CMakeFiles/blink.dir/__/__/mcu_support/stm32/h7xx/h723/startup_stm32h723xx.s.obj (SystemInit)
/usr/lib/gcc/arm-none-eabi/10.3.1/../../../arm-none-eabi/lib/thumb/v7e-m+dp/hard/libstdc++.a(class_type_info.o)
                              common/drivers/platform/stm32h7/libhal.a(st_gpio.cc.obj) (vtable for __cxxabiv1::__class_type_info)
/usr/lib/gcc/arm-none-eabi/10.3.1/../../../arm-none-eabi/lib/thumb/v7e-m+dp/hard/libstdc++.a(del_ops.o)
                              /usr/lib/gcc/arm-none-eabi/10.3.1/../../../arm-none-eabi/lib/thumb/v7e-m+dp/hard/libstdc++.a(class_type_info.o) (operator delete(void*, unsigned int))
/usr/lib/gcc/arm-none-eabi/10.3.1/../../../arm-none-eabi/lib/thumb/v7e-m+dp/hard/libstdc++.a(pure.o)
                              common/drivers/platform/stm32h7/libhal.a(st_gpio.cc.obj) (__cxa_pure_virtual)
/usr/lib/gcc/arm-none-eabi/10.3.1/../../../arm-none-eabi/lib/thumb/v7e-m+dp/hard/libstdc++.a(si_class_type_info.o)
                              common/drivers/platform/stm32h7/libhal.a(st_gpio.cc.obj) (vtable for __cxxabiv1::__si_class_type_info)
/usr/lib/gcc/arm-none-eabi/10.3.1/../../../arm-none-eabi/lib/thumb/v7e-m+dp/hard/libstdc++.a(tinfo.o)
                              /usr/lib/gcc/arm-none-eabi/10.3.1/../../../arm-none-eabi/lib/thumb/v7e-m+dp/hard/libstdc++.a(class_type_info.o) (std::type_info::~type_info())
/usr/lib/gcc/arm-none-eabi/10.3.1/../../../arm-none-eabi/lib/thumb/v7e-m+dp/hard/libstdc++.a(del_op.o)
                              /usr/lib/gcc/arm-none-eabi/10.3.1/../../../arm-none-eabi/lib/thumb/v7e-m+dp/hard/libstdc++.a(del_ops.o) (operator delete(void*))
/usr/lib/gcc/arm-none-eabi/10.3.1/../../../arm-none-eabi/lib/thumb/v7e-m+dp/hard/libstdc++.a(eh_terminate.o)
                              /usr/lib/gcc/arm-none-eabi/10.3.1/../../../arm-none-eabi/lib/thumb/v7e-m+dp/hard/libstdc++.a(pure.o) (std::terminate())
/usr/lib/gcc/arm-none-eabi/10.3.1/../../../arm-none-eabi/lib/thumb/v7e-m+dp/hard/libstdc++.a(eh_unex_handler.o)
                              /usr/lib/gcc/arm-none-eabi/10.3.1/../../../arm-none-eabi/lib/thumb/v7e-m+dp/hard/libstdc++.a(eh_terminate.o) (__cxxabiv1::__unexpected_handler)
/usr/lib/gcc/arm-none-eabi/10.3.1/../../../arm-none-eabi/lib/thumb/v7e-m+dp/hard/libstdc++.a(eh_arm.o)
                              /usr/lib/gcc/arm-none-eabi/10.3.1/../../../arm-none-eabi/lib/thumb/v7e-m+dp/hard/libstdc++.a(eh_terminate.o) (__cxa_end_cleanup)
/usr/lib/gcc/arm-none-eabi/10.3.1/../../../arm-none-eabi/lib/thumb/v7e-m+dp/hard/libstdc++.a(eh_call.o)
                              /usr/lib/gcc/arm-none-eabi/10.3.1/../../../arm-none-eabi/lib/thumb/v7e-m+dp/hard/libstdc++.a(eh_terminate.o) (__cxa_call_unexpected)
/usr/lib/gcc/arm-none-eabi/10.3.1/../../../arm-none-eabi/lib/thumb/v7e-m+dp/hard/libstdc++.a(eh_catch.o)
                              /usr/lib/gcc/arm-none-eabi/10.3.1/../../../arm-none-eabi/lib/thumb/v7e-m+dp/hard/libstdc++.a(eh_terminate.o) (__cxa_begin_catch)
/usr/lib/gcc/arm-none-eabi/10.3.1/../../../arm-none-eabi/lib/thumb/v7e-m+dp/hard/libstdc++.a(eh_exception.o)
                              /usr/lib/gcc/arm-none-eabi/10.3.1/../../../arm-none-eabi/lib/thumb/v7e-m+dp/hard/libstdc++.a(eh_call.o) (std::bad_exception::~bad_exception())
/usr/lib/gcc/arm-none-eabi/10.3.1/../../../arm-none-eabi/lib/thumb/v7e-m+dp/hard/libstdc++.a(eh_globals.o)
                              /usr/lib/gcc/arm-none-eabi/10.3.1/../../../arm-none-eabi/lib/thumb/v7e-m+dp/hard/libstdc++.a(eh_call.o) (__cxa_get_globals_fast)
/usr/lib/gcc/arm-none-eabi/10.3.1/../../../arm-none-eabi/lib/thumb/v7e-m+dp/hard/libstdc++.a(eh_personality.o)
                              /usr/lib/gcc/arm-none-eabi/10.3.1/../../../arm-none-eabi/lib/thumb/v7e-m+dp/hard/libstdc++.a(eh_terminate.o) (__gxx_personality_v0)
/usr/lib/gcc/arm-none-eabi/10.3.1/../../../arm-none-eabi/lib/thumb/v7e-m+dp/hard/libstdc++.a(eh_term_handler.o)
                              /usr/lib/gcc/arm-none-eabi/10.3.1/../../../arm-none-eabi/lib/thumb/v7e-m+dp/hard/libstdc++.a(eh_terminate.o) (__cxxabiv1::__terminate_handler)
/usr/lib/gcc/arm-none-eabi/10.3.1/../../../arm-none-eabi/lib/thumb/v7e-m+dp/hard/libstdc++.a(eh_throw.o)
                              /usr/lib/gcc/arm-none-eabi/10.3.1/../../../arm-none-eabi/lib/thumb/v7e-m+dp/hard/libstdc++.a(eh_call.o) (__cxa_throw)
/usr/lib/gcc/arm-none-eabi/10.3.1/../../../arm-none-eabi/lib/thumb/v7e-m+dp/hard/libstdc++.a(eh_alloc.o)
[...]
Memory Configuration

Name             Origin             Length             Attributes
ITCMRAM          0x0000000000000000 0x0000000000010000 xrw
DTCMRAM          0x0000000020000000 0x0000000000020000 xrw
FLASH            0x0000000008000000 0x0000000000100000 xr
RAM_D1           0x0000000024000000 0x0000000000050000 xrw
RAM_D2           0x0000000030000000 0x0000000000008000 xrw
RAM_D3           0x0000000038000000 0x0000000000004000 xrw
*default*        0x0000000000000000 0xffffffffffffffff

Linker script and memory map

LOAD /usr/lib/gcc/arm-none-eabi/10.3.1/thumb/v7e-m+dp/hard/crti.o
LOAD /usr/lib/gcc/arm-none-eabi/10.3.1/thumb/v7e-m+dp/hard/crtbegin.o
LOAD /usr/lib/gcc/arm-none-eabi/10.3.1/../../../arm-none-eabi/lib/thumb/v7e-m+dp/hard/crt0.o
LOAD /usr/lib/gcc/arm-none-eabi/10.3.1/../../../arm-none-eabi/lib/thumb/v7e-m+dp/hard/libnosys.a
LOAD app/blink/CMakeFiles/blink.dir/main.cc.obj
LOAD app/blink/CMakeFiles/blink.dir/__/__/mcu_support/stm32/h7xx/h723/startup_stm32h723xx.s.obj
LOAD app/blink/bsp_h723/libblink_bsp.a
LOAD common/drivers/platform/stm32h7/libhal.a
LOAD common/drivers/platform/stm32h7/libhal.a
LOAD common/drivers/utils/libdriver_utils.a
LOAD mcu_support/stm32/h7xx/libst_h7_support.a
LOAD mcu_support/stm32/h7xx/HAL/libst_h7_hal.a
LOAD mcu_support/stm32/h7xx/libst_h7_support.a
LOAD mcu_support/stm32/h7xx/HAL/libst_h7_hal.a
LOAD /usr/lib/gcc/arm-none-eabi/10.3.1/../../../arm-none-eabi/lib/thumb/v7e-m+dp/hard/libstdc++.a
LOAD /usr/lib/gcc/arm-none-eabi/10.3.1/../../../arm-none-eabi/lib/thumb/v7e-m+dp/hard/libm.a
LOAD /usr/lib/gcc/arm-none-eabi/10.3.1/../../../arm-none-eabi/lib/thumb/v7e-m+dp/hard/libc.a
START GROUP
LOAD /usr/lib/gcc/arm-none-eabi/10.3.1/thumb/v7e-m+dp/hard/libgcc.a
LOAD /usr/lib/gcc/arm-none-eabi/10.3.1/../../../arm-none-eabi/lib/thumb/v7e-m+dp/hard/libg.a
LOAD /usr/lib/gcc/arm-none-eabi/10.3.1/../../../arm-none-eabi/lib/thumb/v7e-m+dp/hard/libc.a
END GROUP
START GROUP
LOAD /usr/lib/gcc/arm-none-eabi/10.3.1/thumb/v7e-m+dp/hard/libgcc.a
LOAD /usr/lib/gcc/arm-none-eabi/10.3.1/../../../arm-none-eabi/lib/thumb/v7e-m+dp/hard/libc.a
LOAD /usr/lib/gcc/arm-none-eabi/10.3.1/../../../arm-none-eabi/lib/thumb/v7e-m+dp/hard/libnosys.a
END GROUP
LOAD /usr/lib/gcc/arm-none-eabi/10.3.1/thumb/v7e-m+dp/hard/crtend.o
LOAD /usr/lib/gcc/arm-none-eabi/10.3.1/thumb/v7e-m+dp/hard/crtn.o
                0x0000000024050000                _estack = (ORIGIN (RAM_D1) + LENGTH (RAM_D1))
                0x0000000000000200                _Min_Heap_Size = 0x200
                0x0000000000000400                _Min_Stack_Size = 0x400

.isr_vector     0x0000000008000000      0x2cc
                0x0000000008000000                . = ALIGN (0x4)
 *(.isr_vector)
 .isr_vector    0x0000000008000000      0x2cc app/blink/CMakeFiles/blink.dir/__/__/mcu_support/stm32/h7xx/h723/startup_stm32h723xx.s.obj
                0x0000000008000000                g_pfnVectors
                0x00000000080002cc                . = ALIGN (0x4)

.text           0x00000000080002e0     0x37b4
                0x00000000080002e0                . = ALIGN (0x4)
 *(.text)
 .text          0x00000000080002e0       0x88 /usr/lib/gcc/arm-none-eabi/10.3.1/thumb/v7e-m+dp/hard/crtbegin.o
 .text          0x0000000008000368       0x10 /usr/lib/gcc/arm-none-eabi/10.3.1/../../../arm-none-eabi/lib/thumb/v7e-m+dp/hard/libc.a(lib_a-abort.o)
                0x0000000008000368                abort
 .text          0x0000000008000378        0xc /usr/lib/gcc/arm-none-eabi/10.3.1/../../../arm-none-eabi/lib/thumb/v7e-m+dp/hard/libc.a(lib_a-atexit.o)
                0x0000000008000378                atexit
 .text          0x0000000008000384       0x2c /usr/lib/gcc/arm-none-eabi/10.3.1/../../../arm-none-eabi/lib/thumb/v7e-m+dp/hard/libc.a(lib_a-fini.o)
                0x0000000008000384                __libc_fini_array
 .text          0x00000000080003b0       0x48 /usr/lib/gcc/arm-none-eabi/10.3.1/../../../arm-none-eabi/lib/thumb/v7e-m+dp/hard/libc.a(lib_a-init.o)
                0x00000000080003b0                __libc_init_array
 .text          0x00000000080003f8       0x20 /usr/lib/gcc/arm-none-eabi/10.3.1/../../../arm-none-eabi/lib/thumb/v7e-m+dp/hard/libc.a(lib_a-malloc.o)
                0x00000000080003f8                malloc
                0x0000000008000408                free
 .text          0x0000000008000418      0x554 /usr/lib/gcc/arm-none-eabi/10.3.1/../../../arm-none-eabi/lib/thumb/v7e-m+dp/hard/libc.a(lib_a-mallocr.o)
                0x0000000008000418                _malloc_r
 .text          0x000000000800096c       0xa4 /usr/lib/gcc/arm-none-eabi/10.3.1/../../../arm-none-eabi/lib/thumb/v7e-m+dp/hard/libc.a(lib_a-memset.o)
                0x000000000800096c                memset
 .text          0x0000000008000a10        0x8 /usr/lib/gcc/arm-none-eabi/10.3.1/../../../arm-none-eabi/lib/thumb/v7e-m+dp/hard/libc.a(lib_a-mlock.o)
                0x0000000008000a10                __malloc_lock
                0x0000000008000a14                __malloc_unlock
 .text          0x0000000008000a18       0x24 /usr/lib/gcc/arm-none-eabi/10.3.1/../../../arm-none-eabi/lib/thumb/v7e-m+dp/hard/libc.a(lib_a-sbrkr.o)
                0x0000000008000a18                _sbrk_r
 .text          0x0000000008000a3c      0x288 /usr/lib/gcc/arm-none-eabi/10.3.1/../../../arm-none-eabi/lib/thumb/v7e-m+dp/hard/libc.a(lib_a-signal.o)
                0x0000000008000a3c                _init_signal_r
                0x0000000008000a6c                _signal_r
                0x0000000008000ab8                _raise_r
                0x0000000008000b10                __sigtramp_r
                0x0000000008000b74                raise
                0x0000000008000bd0                signal
                0x0000000008000c24                _init_signal
                0x0000000008000c5c                __sigtramp
 .text          0x0000000008000cc4       0x30 /usr/lib/gcc/arm-none-eabi/10.3.1/../../../arm-none-eabi/lib/thumb/v7e-m+dp/hard/libc.a(lib_a-signalr.o)
                0x0000000008000cc4                _kill_r
                0x0000000008000cf0                _getpid_r
 *fill*         0x0000000008000cf4        0xc 
 .text          0x0000000008000d00      0x2dc /usr/lib/gcc/arm-none-eabi/10.3.1/../../../arm-none-eabi/lib/thumb/v7e-m+dp/hard/libc.a(lib_a-strcmp.o)
                0x0000000008000d08                strcmp
 .text          0x0000000008000fdc       0x68 /usr/lib/gcc/arm-none-eabi/10.3.1/../../../arm-none-eabi/lib/thumb/v7e-m+dp/hard/libc.a(lib_a-__atexit.o)
                0x0000000008000fdc                __register_exitproc
 .text          0x0000000008001044      0x2ac /usr/lib/gcc/arm-none-eabi/10.3.1/../../../arm-none-eabi/lib/thumb/v7e-m+dp/hard/libc.a(lib_a-freer.o)
                0x0000000008001044                _malloc_trim_r
                0x00000000080010e4                _free_r
 .text          0x00000000080012f0      0x9d8 /usr/lib/gcc/arm-none-eabi/10.3.1/thumb/v7e-m+dp/hard/libgcc.a(unwind-arm.o)
                0x0000000008001598                _Unwind_GetCFA
                0x000000000800159c                __gnu_Unwind_RaiseException
                0x0000000008001604                __gnu_Unwind_ForcedUnwind
                0x0000000008001614                __gnu_Unwind_Resume
                0x0000000008001658                __gnu_Unwind_Resume_or_Rethrow
                0x0000000008001668                _Unwind_Complete
                0x000000000800166c                _Unwind_DeleteException
                0x0000000008001678                _Unwind_VRS_Get
                0x00000000080016c4                _Unwind_VRS_Set
                0x000000000800170c                __gnu_Unwind_Backtrace
                0x0000000008001a38                __aeabi_unwind_cpp_pr0
                0x0000000008001a3c                __aeabi_unwind_cpp_pr1
                0x0000000008001a40                __aeabi_unwind_cpp_pr2
                0x0000000008001a44                _Unwind_VRS_Pop
 .text          0x0000000008001cc8      0x1ac /usr/lib/gcc/arm-none-eabi/10.3.1/thumb/v7e-m+dp/hard/libgcc.a(libunwind.o)
                0x0000000008001cc8                __restore_core_regs
                0x0000000008001cc8                restore_core_regs
                0x0000000008001ce0                __gnu_Unwind_Restore_VFP
                0x0000000008001ce8                __gnu_Unwind_Save_VFP
                0x0000000008001cf0                __gnu_Unwind_Restore_VFP_D
                0x0000000008001cf8                __gnu_Unwind_Save_VFP_D
                0x0000000008001d00                __gnu_Unwind_Restore_VFP_D_16_to_31
                0x0000000008001d08                __gnu_Unwind_Save_VFP_D_16_to_31
                0x0000000008001d10                __gnu_Unwind_Restore_WMMXD
                0x0000000008001d54                __gnu_Unwind_Save_WMMXD
                0x0000000008001d98                __gnu_Unwind_Restore_WMMXC
                0x0000000008001dac                __gnu_Unwind_Save_WMMXC
                0x0000000008001dc0                ___Unwind_RaiseException
                0x0000000008001dc0                _Unwind_RaiseException
                0x0000000008001de4                ___Unwind_Resume
                0x0000000008001de4                _Unwind_Resume
                0x0000000008001e08                _Unwind_Resume_or_Rethrow
                0x0000000008001e08                ___Unwind_Resume_or_Rethrow
                0x0000000008001e2c                ___Unwind_ForcedUnwind
                0x0000000008001e2c                _Unwind_ForcedUnwind
                0x0000000008001e50                _Unwind_Backtrace
                0x0000000008001e50                ___Unwind_Backtrace
 .text          0x0000000008001e74      0x350 /usr/lib/gcc/arm-none-eabi/10.3.1/thumb/v7e-m+dp/hard/libgcc.a(pr-support.o)
                0x0000000008001ecc                __gnu_unwind_execute
                0x0000000008002178                __gnu_unwind_frame
                0x00000000080021a4                _Unwind_GetRegionStart
                0x00000000080021b0                _Unwind_GetLanguageSpecificData
 .text          0x00000000080021c4      0x134 /usr/lib/gcc/arm-none-eabi/10.3.1/../../../arm-none-eabi/lib/thumb/v7e-m+dp/hard/libg.a(lib_a-memcpy.o)
                0x00000000080021c4                memcpy
 .text          0x00000000080022f8       0x10 /usr/lib/gcc/arm-none-eabi/10.3.1/../../../arm-none-eabi/lib/thumb/v7e-m+dp/hard/libnosys.a(getpid.o)
                0x00000000080022f8                _getpid
 .text          0x0000000008002308       0x10 /usr/lib/gcc/arm-none-eabi/10.3.1/../../../arm-none-eabi/lib/thumb/v7e-m+dp/hard/libnosys.a(kill.o)
                0x0000000008002308                _kill
 .text          0x0000000008002318       0x1c /usr/lib/gcc/arm-none-eabi/10.3.1/../../../arm-none-eabi/lib/thumb/v7e-m+dp/hard/libnosys.a(sbrk.o)
                0x0000000008002318                _sbrk
 .text          0x0000000008002334        0x4 /usr/lib/gcc/arm-none-eabi/10.3.1/../../../arm-none-eabi/lib/thumb/v7e-m+dp/hard/libnosys.a(_exit.o)
                0x0000000008002334                _exit
 *(.text*)
 .text._ZSt3refIN3KFL4GpioEESt17reference_wrapperIT_ERS3_
                0x0000000008002338       0x1e app/blink/CMakeFiles/blink.dir/main.cc.obj
                0x0000000008002338                std::reference_wrapper<KFL::Gpio> std::ref<KFL::Gpio>(KFL::Gpio&)
 .text._ZNKSt17reference_wrapperIN3KFL4GpioEE3getEv
                0x0000000008002356       0x18 app/blink/CMakeFiles/blink.dir/main.cc.obj
                0x0000000008002356                std::reference_wrapper<KFL::Gpio>::get() const
 .text._ZNSt5arrayISt17reference_wrapperIN3KFL4GpioEELj3EEixEj
                0x000000000800236e       0x1e app/blink/CMakeFiles/blink.dir/main.cc.obj
                0x000000000800236e                std::array<std::reference_wrapper<KFL::Gpio>, 3u>::operator[](unsigned int)
 .text._ZNSt14__array_traitsISt17reference_wrapperIN3KFL4GpioEELj3EE6_S_refERA3_KS3_j
                0x000000000800238c       0x1e app/blink/CMakeFiles/blink.dir/main.cc.obj
                0x000000000800238c                std::__array_traits<std::reference_wrapper<KFL::Gpio>, 3u>::_S_ref(std::reference_wrapper<KFL::Gpio> const (&) [3], unsigned int)
 .text._ZNKSt5arrayISt17reference_wrapperIN3KFL4GpioEELj3EE4sizeEv
                0x00000000080023aa       0x16 app/blink/CMakeFiles/blink.dir/main.cc.obj
                0x00000000080023aa                std::array<std::reference_wrapper<KFL::Gpio>, 3u>::size() const
 .text.main     0x00000000080023c0      0x16c app/blink/CMakeFiles/blink.dir/main.cc.obj
                0x00000000080023c0                main
 .text._ZNSt17reference_wrapperIN3KFL4GpioEEC2IRS1_vPS1_EEOT_
                0x000000000800252c       0x28 app/blink/CMakeFiles/blink.dir/main.cc.obj
                0x000000000800252c                std::reference_wrapper<KFL::Gpio>::reference_wrapper<KFL::Gpio&, void, KFL::Gpio*>(KFL::Gpio&)
                0x000000000800252c                std::reference_wrapper<KFL::Gpio>::reference_wrapper<KFL::Gpio&, void, KFL::Gpio*>(KFL::Gpio&)
 .text._ZSt7forwardIRN3KFL4GpioEEOT_RNSt16remove_referenceIS3_E4typeE
                0x0000000008002554       0x16 app/blink/CMakeFiles/blink.dir/main.cc.obj
                0x0000000008002554                KFL::Gpio& std::forward<KFL::Gpio&>(std::remove_reference<KFL::Gpio&>::type&)
 .text._ZNSt17reference_wrapperIN3KFL4GpioEE6_S_funERS1_
                0x000000000800256a       0x18 app/blink/CMakeFiles/blink.dir/main.cc.obj
                0x000000000800256a                std::reference_wrapper<KFL::Gpio>::_S_fun(KFL::Gpio&)
 .text._ZSt11__addressofIN3KFL4GpioEEPT_RS2_
                0x0000000008002582       0x16 app/blink/CMakeFiles/blink.dir/main.cc.obj
                0x0000000008002582                KFL::Gpio* std::__addressof<KFL::Gpio>(KFL::Gpio&)
 .text.Reset_Handler
                0x0000000008002598       0x54 app/blink/CMakeFiles/blink.dir/__/__/mcu_support/stm32/h7xx/h723/startup_stm32h723xx.s.obj
                0x0000000008002598                Reset_Handler
 .text.Default_Handler
                0x00000000080025ec        0x2 app/blink/CMakeFiles/blink.dir/__/__/mcu_support/stm32/h7xx/h723/startup_stm32h723xx.s.obj
                0x00000000080025ec                RTC_Alarm_IRQHandler
                0x00000000080025ec                EXTI2_IRQHandler
                0x00000000080025ec                TIM8_CC_IRQHandler
                0x00000000080025ec                DebugMon_Handler
                0x00000000080025ec                UART8_IRQHandler
                0x00000000080025ec                SPI4_IRQHandler
                0x00000000080025ec                FDCAN3_IT0_IRQHandler
                0x00000000080025ec                TIM1_CC_IRQHandler
                0x00000000080025ec                BDMA_Channel6_IRQHandler
                0x00000000080025ec                DMA2_Stream5_IRQHandler
                0x00000000080025ec                HardFault_Handler
                0x00000000080025ec                DMA1_Stream5_IRQHandler
                0x00000000080025ec                CORDIC_IRQHandler
                0x00000000080025ec                SysTick_Handler
                0x00000000080025ec                BDMA_Channel1_IRQHandler
                0x00000000080025ec                TAMP_STAMP_IRQHandler
                0x00000000080025ec                PendSV_Handler
                0x00000000080025ec                NMI_Handler
                0x00000000080025ec                EXTI3_IRQHandler
                0x00000000080025ec                LPTIM4_IRQHandler
                0x00000000080025ec                TIM8_TRG_COM_TIM14_IRQHandler
                0x00000000080025ec                LPTIM2_IRQHandler
                0x00000000080025ec                DFSDM1_FLT1_IRQHandler
                0x00000000080025ec                DMAMUX2_OVR_IRQHandler
                0x00000000080025ec                TIM8_UP_TIM13_IRQHandler
                0x00000000080025ec                I2C3_ER_IRQHandler
                0x00000000080025ec                DFSDM1_FLT2_IRQHandler
                0x00000000080025ec                I2C5_EV_IRQHandler
                0x00000000080025ec                USART10_IRQHandler
                0x00000000080025ec                MDMA_IRQHandler
                0x00000000080025ec                LPTIM3_IRQHandler
                0x00000000080025ec                HSEM1_IRQHandler
                0x00000000080025ec                EXTI0_IRQHandler
                0x00000000080025ec                I2C2_EV_IRQHandler
                0x00000000080025ec                DMA1_Stream2_IRQHandler
                0x00000000080025ec                FPU_IRQHandler
                0x00000000080025ec                OTG_HS_WKUP_IRQHandler
                0x00000000080025ec                FDCAN1_IT1_IRQHandler
                0x00000000080025ec                UsageFault_Handler
                0x00000000080025ec                LTDC_ER_IRQHandler
                0x00000000080025ec                DMA2_Stream2_IRQHandler
                0x00000000080025ec                SPI1_IRQHandler
                0x00000000080025ec                OCTOSPI1_IRQHandler
                0x00000000080025ec                TIM6_DAC_IRQHandler
                0x00000000080025ec                DMA2_Stream3_IRQHandler
                0x00000000080025ec                OCTOSPI2_IRQHandler
                0x00000000080025ec                DFSDM1_FLT3_IRQHandler
                0x00000000080025ec                TIM23_IRQHandler
                0x00000000080025ec                USART6_IRQHandler
                0x00000000080025ec                TIM17_IRQHandler
                0x00000000080025ec                USART3_IRQHandler
                0x00000000080025ec                BDMA_Channel7_IRQHandler
                0x00000000080025ec                LPTIM5_IRQHandler
                0x00000000080025ec                UART5_IRQHandler
                0x00000000080025ec                ADC3_IRQHandler
                0x00000000080025ec                DMA2_Stream0_IRQHandler
                0x00000000080025ec                TIM4_IRQHandler
                0x00000000080025ec                BDMA_Channel2_IRQHandler
                0x00000000080025ec                I2C1_EV_IRQHandler
                0x00000000080025ec                DMA1_Stream6_IRQHandler
                0x00000000080025ec                DMAMUX1_OVR_IRQHandler
                0x00000000080025ec                DMA1_Stream1_IRQHandler
                0x00000000080025ec                TIM16_IRQHandler
                0x00000000080025ec                UART4_IRQHandler
                0x00000000080025ec                BDMA_Channel5_IRQHandler
                0x00000000080025ec                TIM3_IRQHandler
                0x00000000080025ec                RCC_IRQHandler
                0x00000000080025ec                UART9_IRQHandler
                0x00000000080025ec                TIM8_BRK_TIM12_IRQHandler
                0x00000000080025ec                TIM1_TRG_COM_IRQHandler
                0x00000000080025ec                Default_Handler
                0x00000000080025ec                ECC_IRQHandler
                0x00000000080025ec                FMAC_IRQHandler
                0x00000000080025ec                CEC_IRQHandler
                0x00000000080025ec                EXTI15_10_IRQHandler
                0x00000000080025ec                BDMA_Channel0_IRQHandler
                0x00000000080025ec                ADC_IRQHandler
                0x00000000080025ec                I2C5_ER_IRQHandler
                0x00000000080025ec                DMA1_Stream7_IRQHandler
                0x00000000080025ec                SPI5_IRQHandler
                0x00000000080025ec                TIM7_IRQHandler
                0x00000000080025ec                FDCAN3_IT1_IRQHandler
                0x00000000080025ec                SDMMC1_IRQHandler
                0x00000000080025ec                TIM5_IRQHandler
                0x00000000080025ec                DMA2_Stream7_IRQHandler
                0x00000000080025ec                TIM15_IRQHandler
                0x00000000080025ec                PVD_AVD_IRQHandler
                0x00000000080025ec                I2C3_EV_IRQHandler
                0x00000000080025ec                EXTI9_5_IRQHandler
                0x00000000080025ec                RTC_WKUP_IRQHandler
                0x00000000080025ec                LTDC_IRQHandler
                0x00000000080025ec                ETH_WKUP_IRQHandler
                0x00000000080025ec                SPDIF_RX_IRQHandler
                0x00000000080025ec                SPI2_IRQHandler
                0x00000000080025ec                OTG_HS_EP1_IN_IRQHandler
                0x00000000080025ec                MemManage_Handler
                0x00000000080025ec                DMA1_Stream0_IRQHandler
                0x00000000080025ec                TIM24_IRQHandler
                0x00000000080025ec                SVC_Handler
                0x00000000080025ec                CRS_IRQHandler
                0x00000000080025ec                EXTI4_IRQHandler
                0x00000000080025ec                RNG_IRQHandler
                0x00000000080025ec                FDCAN2_IT1_IRQHandler
                0x00000000080025ec                ETH_IRQHandler
                0x00000000080025ec                TIM1_UP_IRQHandler
                0x00000000080025ec                BDMA_Channel4_IRQHandler
                0x00000000080025ec                OTG_HS_EP1_OUT_IRQHandler
                0x00000000080025ec                WWDG_IRQHandler
                0x00000000080025ec                SPI6_IRQHandler
                0x00000000080025ec                MDIOS_IRQHandler
                0x00000000080025ec                I2C4_EV_IRQHandler
                0x00000000080025ec                FDCAN2_IT0_IRQHandler
                0x00000000080025ec                LPUART1_IRQHandler
                0x00000000080025ec                FDCAN1_IT0_IRQHandler
                0x00000000080025ec                TIM2_IRQHandler
                0x00000000080025ec                OTG_HS_IRQHandler
                0x00000000080025ec                DMA2D_IRQHandler
                0x00000000080025ec                TIM1_BRK_IRQHandler
                0x00000000080025ec                EXTI1_IRQHandler
                0x00000000080025ec                SDMMC2_IRQHandler
                0x00000000080025ec                BDMA_Channel3_IRQHandler
                0x00000000080025ec                DTS_IRQHandler
                0x00000000080025ec                UART7_IRQHandler
                0x00000000080025ec                MDIOS_WKUP_IRQHandler
                0x00000000080025ec                USART2_IRQHandler
                0x00000000080025ec                DFSDM1_FLT0_IRQHandler
                0x00000000080025ec                SAI4_IRQHandler
                0x00000000080025ec                I2C2_ER_IRQHandler
                0x00000000080025ec                DMA2_Stream1_IRQHandler
                0x00000000080025ec                FLASH_IRQHandler
                0x00000000080025ec                DMA2_Stream4_IRQHandler
                0x00000000080025ec                BusFault_Handler
                0x00000000080025ec                USART1_IRQHandler
                0x00000000080025ec                SPI3_IRQHandler
                0x00000000080025ec                WAKEUP_PIN_IRQHandler
                0x00000000080025ec                DMA1_Stream4_IRQHandler
                0x00000000080025ec                I2C1_ER_IRQHandler
                0x00000000080025ec                FMC_IRQHandler
                0x00000000080025ec                FDCAN_CAL_IRQHandler
                0x00000000080025ec                SWPMI1_IRQHandler
                0x00000000080025ec                COMP1_IRQHandler
                0x00000000080025ec                LPTIM1_IRQHandler
                0x00000000080025ec                DCMI_PSSI_IRQHandler
                0x00000000080025ec                I2C4_ER_IRQHandler
                0x00000000080025ec                DMA2_Stream6_IRQHandler
                0x00000000080025ec                SAI1_IRQHandler
                0x00000000080025ec                DMA1_Stream3_IRQHandler
 *fill*         0x00000000080025ee        0x2 
 .text._ZN3KFL10board_initEv
                0x00000000080025f0       0x54 app/blink/bsp_h723/libblink_bsp.a(h723_board.cc.obj)
                0x00000000080025f0                KFL::board_init()
 .text._ZN3KFL9get_boardEv
                0x0000000008002644       0x14 app/blink/bsp_h723/libblink_bsp.a(h723_board.cc.obj)
                0x0000000008002644                KFL::get_board()
 .text._Z41__static_initialization_and_destruction_0ii
                0x0000000008002658       0x80 app/blink/bsp_h723/libblink_bsp.a(h723_board.cc.obj)
 .text._GLOBAL__sub_I__ZN3KFL5Stmh711ld_settingsE
                0x00000000080026d8       0x10 app/blink/bsp_h723/libblink_bsp.a(h723_board.cc.obj)
 .text._ZN3KFL5Stmh7L9set_fieldEPVmmmm
                0x00000000080026e8       0x5c common/drivers/platform/stm32h7/libhal.a(st_gpio.cc.obj)
 .text._ZN3KFL4GpioC2Ev
                0x0000000008002744       0x20 common/drivers/platform/stm32h7/libhal.a(st_gpio.cc.obj)
                0x0000000008002744                KFL::Gpio::Gpio()
                0x0000000008002744                KFL::Gpio::Gpio()
 .text._ZN3KFL5Stmh76HwGpioC2ERKNS0_12StGpioParamsE
                0x0000000008002764       0x48 common/drivers/platform/stm32h7/libhal.a(st_gpio.cc.obj)
                0x0000000008002764                KFL::Stmh7::HwGpio::HwGpio(KFL::Stmh7::StGpioParams const&)
                0x0000000008002764                KFL::Stmh7::HwGpio::HwGpio(KFL::Stmh7::StGpioParams const&)
 .text._ZN3KFL5Stmh76HwGpio4initEv
                0x00000000080027ac       0xec common/drivers/platform/stm32h7/libhal.a(st_gpio.cc.obj)
                0x00000000080027ac                KFL::Stmh7::HwGpio::init()
 .text._ZN3KFL5Stmh76HwGpio6toggleEv
                0x0000000008002898       0x48 common/drivers/platform/stm32h7/libhal.a(st_gpio.cc.obj)
                0x0000000008002898                KFL::Stmh7::HwGpio::toggle()
 .text._ZN3KFL5Stmh76HwGpio3setEb
                0x00000000080028e0       0x54 common/drivers/platform/stm32h7/libhal.a(st_gpio.cc.obj)
                0x00000000080028e0                KFL::Stmh7::HwGpio::set(bool)
 .text._ZN3KFL5Stmh76HwGpio4readEv
                0x0000000008002934       0x30 common/drivers/platform/stm32h7/libhal.a(st_gpio.cc.obj)
                0x0000000008002934                KFL::Stmh7::HwGpio::read()
 .text.SystemInit
                0x0000000008002964      0x120 mcu_support/stm32/h7xx/libst_h7_support.a(system_stm32h7xx.c.obj)
                0x0000000008002964                SystemInit
 .text.ExitRun0Mode
                0x0000000008002a84        0xe mcu_support/stm32/h7xx/libst_h7_support.a(system_stm32h7xx.c.obj)
                0x0000000008002a84                ExitRun0Mode
 *fill*         0x0000000008002a92        0x2 
 .text._ZNK10__cxxabiv117__class_type_info11__do_upcastEPKS0_PPv
                0x0000000008002a94       0x34 /usr/lib/gcc/arm-none-eabi/10.3.1/../../../arm-none-eabi/lib/thumb/v7e-m+dp/hard/libstdc++.a(class_type_info.o)
                0x0000000008002a94                __cxxabiv1::__class_type_info::__do_upcast(__cxxabiv1::__class_type_info const*, void**) const
 .text._ZNK10__cxxabiv117__class_type_info20__do_find_public_srcEiPKvPKS0_S2_
                0x0000000008002ac8        0xc /usr/lib/gcc/arm-none-eabi/10.3.1/../../../arm-none-eabi/lib/thumb/v7e-m+dp/hard/libstdc++.a(class_type_info.o)
                0x0000000008002ac8                __cxxabiv1::__class_type_info::__do_find_public_src(int, void const*, __cxxabiv1::__class_type_info const*, void const*) const
 .text._ZN10__cxxabiv117__class_type_infoD2Ev
                0x0000000008002ad4       0x14 /usr/lib/gcc/arm-none-eabi/10.3.1/../../../arm-none-eabi/lib/thumb/v7e-m+dp/hard/libstdc++.a(class_type_info.o)
                0x0000000008002ad4                __cxxabiv1::__class_type_info::~__class_type_info()
                0x0000000008002ad4                __cxxabiv1::__class_type_info::~__class_type_info()
 .text._ZN10__cxxabiv117__class_type_infoD0Ev
                0x0000000008002ae8       0x1c /usr/lib/gcc/arm-none-eabi/10.3.1/../../../arm-none-eabi/lib/thumb/v7e-m+dp/hard/libstdc++.a(class_type_info.o)
                0x0000000008002ae8                __cxxabiv1::__class_type_info::~__class_type_info()
 .text._ZNK10__cxxabiv117__class_type_info12__do_dyncastEiNS0_10__sub_kindEPKS0_PKvS3_S5_RNS0_16__dyncast_resultE
                0x0000000008002b04       0x44 /usr/lib/gcc/arm-none-eabi/10.3.1/../../../arm-none-eabi/lib/thumb/v7e-m+dp/hard/libstdc++.a(class_type_info.o)
                0x0000000008002b04                __cxxabiv1::__class_type_info::__do_dyncast(int, __cxxabiv1::__class_type_info::__sub_kind, __cxxabiv1::__class_type_info const*, void const*, __cxxabiv1::__class_type_info const*, void const*, __cxxabiv1::__class_type_info::__dyncast_result&) const
 .text._ZNK10__cxxabiv117__class_type_info11__do_upcastEPKS0_PKvRNS0_15__upcast_resultE
                0x0000000008002b48       0x1c /usr/lib/gcc/arm-none-eabi/10.3.1/../../../arm-none-eabi/lib/thumb/v7e-m+dp/hard/libstdc++.a(class_type_info.o)
                0x0000000008002b48                __cxxabiv1::__class_type_info::__do_upcast(__cxxabiv1::__class_type_info const*, void const*, __cxxabiv1::__class_type_info::__upcast_result&) const
 .text._ZNK10__cxxabiv117__class_type_info10__do_catchEPKSt9type_infoPPvj
                0x0000000008002b64       0x2c /usr/lib/gcc/arm-none-eabi/10.3.1/../../../arm-none-eabi/lib/thumb/v7e-m+dp/hard/libstdc++.a(class_type_info.o)
                0x0000000008002b64                __cxxabiv1::__class_type_info::__do_catch(std::type_info const*, void**, unsigned int) const
 .text._ZdlPvj  0x0000000008002b90        0x4 /usr/lib/gcc/arm-none-eabi/10.3.1/../../../arm-none-eabi/lib/thumb/v7e-m+dp/hard/libstdc++.a(del_ops.o)
                0x0000000008002b90                operator delete(void*, unsigned int)
 .text.__cxa_pure_virtual
                0x0000000008002b94        0x8 /usr/lib/gcc/arm-none-eabi/10.3.1/../../../arm-none-eabi/lib/thumb/v7e-m+dp/hard/libstdc++.a(pure.o)
                0x0000000008002b94                __cxa_pure_virtual
 .text._ZN10__cxxabiv120__si_class_type_infoD2Ev
                0x0000000008002b9c       0x14 /usr/lib/gcc/arm-none-eabi/10.3.1/../../../arm-none-eabi/lib/thumb/v7e-m+dp/hard/libstdc++.a(si_class_type_info.o)
                0x0000000008002b9c                __cxxabiv1::__si_class_type_info::~__si_class_type_info()
                0x0000000008002b9c                __cxxabiv1::__si_class_type_info::~__si_class_type_info()
 .text._ZN10__cxxabiv120__si_class_type_infoD0Ev
                0x0000000008002bb0       0x1c /usr/lib/gcc/arm-none-eabi/10.3.1/../../../arm-none-eabi/lib/thumb/v7e-m+dp/hard/libstdc++.a(si_class_type_info.o)
                0x0000000008002bb0                __cxxabiv1::__si_class_type_info::~__si_class_type_info()
 .text._ZNK10__cxxabiv120__si_class_type_info20__do_find_public_srcEiPKvPKNS_17__class_type_infoES2_
                0x0000000008002bcc       0x3c /usr/lib/gcc/arm-none-eabi/10.3.1/../../../arm-none-eabi/lib/thumb/v7e-m+dp/hard/libstdc++.a(si_class_type_info.o)
                0x0000000008002bcc                __cxxabiv1::__si_class_type_info::__do_find_public_src(int, void const*, __cxxabiv1::__class_type_info const*, void const*) const
 .text._ZNK10__cxxabiv120__si_class_type_info12__do_dyncastEiNS_17__class_type_info10__sub_kindEPKS1_PKvS4_S6_RNS1_16__dyncast_resultE
                0x0000000008002c08       0x80 /usr/lib/gcc/arm-none-eabi/10.3.1/../../../arm-none-eabi/lib/thumb/v7e-m+dp/hard/libstdc++.a(si_class_type_info.o)
                0x0000000008002c08                __cxxabiv1::__si_class_type_info::__do_dyncast(int, __cxxabiv1::__class_type_info::__sub_kind, __cxxabiv1::__class_type_info const*, void const*, __cxxabiv1::__class_type_info const*, void const*, __cxxabiv1::__class_type_info::__dyncast_result&) const
 .text._ZNK10__cxxabiv120__si_class_type_info11__do_upcastEPKNS_17__class_type_infoEPKvRNS1_15__upcast_resultE
                0x0000000008002c88       0x2c /usr/lib/gcc/arm-none-eabi/10.3.1/../../../arm-none-eabi/lib/thumb/v7e-m+dp/hard/libstdc++.a(si_class_type_info.o)
                0x0000000008002c88                __cxxabiv1::__si_class_type_info::__do_upcast(__cxxabiv1::__class_type_info const*, void const*, __cxxabiv1::__class_type_info::__upcast_result&) const
 .text._ZNSt9type_infoD2Ev
                0x0000000008002cb4        0x4 /usr/lib/gcc/arm-none-eabi/10.3.1/../../../arm-none-eabi/lib/thumb/v7e-m+dp/hard/libstdc++.a(tinfo.o)
                0x0000000008002cb4                std::type_info::~type_info()
                0x0000000008002cb4                std::type_info::~type_info()
 .text._ZNKSt9type_info14__is_pointer_pEv
                0x0000000008002cb8        0x4 /usr/lib/gcc/arm-none-eabi/10.3.1/../../../arm-none-eabi/lib/thumb/v7e-m+dp/hard/libstdc++.a(tinfo.o)
                0x0000000008002cb8                std::type_info::__is_function_p() const
                0x0000000008002cb8                std::type_info::__is_pointer_p() const
 .text._ZNKSt9type_infoeqERKS_
                0x0000000008002cbc       0x2c /usr/lib/gcc/arm-none-eabi/10.3.1/../../../arm-none-eabi/lib/thumb/v7e-m+dp/hard/libstdc++.a(tinfo.o)
                0x0000000008002cbc                std::type_info::operator==(std::type_info const&) const
 .text._ZdlPv   0x0000000008002ce8        0x4 /usr/lib/gcc/arm-none-eabi/10.3.1/../../../arm-none-eabi/lib/thumb/v7e-m+dp/hard/libstdc++.a(del_op.o)
                0x0000000008002ce8                operator delete(void*)
 .text._ZN10__cxxabiv111__terminateEPFvvE
                0x0000000008002cec       0x28 /usr/lib/gcc/arm-none-eabi/10.3.1/../../../arm-none-eabi/lib/thumb/v7e-m+dp/hard/libstdc++.a(eh_terminate.o)
                0x0000000008002cec                __cxxabiv1::__terminate(void (*)())
 .text._ZSt9terminatev
                0x0000000008002d14       0x14 /usr/lib/gcc/arm-none-eabi/10.3.1/../../../arm-none-eabi/lib/thumb/v7e-m+dp/hard/libstdc++.a(eh_terminate.o)
                0x0000000008002d14                std::terminate()
 .text._ZN10__cxxabiv112__unexpectedEPFvvE
                0x0000000008002d28        0x8 /usr/lib/gcc/arm-none-eabi/10.3.1/../../../arm-none-eabi/lib/thumb/v7e-m+dp/hard/libstdc++.a(eh_terminate.o)
                0x0000000008002d28                __cxxabiv1::__unexpected(void (*)())
 .text._ZSt10unexpectedv
                0x0000000008002d30       0x14 /usr/lib/gcc/arm-none-eabi/10.3.1/../../../arm-none-eabi/lib/thumb/v7e-m+dp/hard/libstdc++.a(eh_terminate.o)
                0x0000000008002d30                std::unexpected()
 .text._ZSt13get_terminatev
                0x0000000008002d44       0x10 /usr/lib/gcc/arm-none-eabi/10.3.1/../../../arm-none-eabi/lib/thumb/v7e-m+dp/hard/libstdc++.a(eh_terminate.o)
                0x0000000008002d44                std::get_terminate()
 .text._ZSt14get_unexpectedv
                0x0000000008002d54       0x10 /usr/lib/gcc/arm-none-eabi/10.3.1/../../../arm-none-eabi/lib/thumb/v7e-m+dp/hard/libstdc++.a(eh_terminate.o)
                0x0000000008002d54                std::get_unexpected()
 .text.__cxa_end_cleanup
                0x0000000008002d64        0xc /usr/lib/gcc/arm-none-eabi/10.3.1/../../../arm-none-eabi/lib/thumb/v7e-m+dp/hard/libstdc++.a(eh_arm.o)
                0x0000000008002d64                __cxa_end_cleanup
 .text.__cxa_type_match
                0x0000000008002d70       0xb4 /usr/lib/gcc/arm-none-eabi/10.3.1/../../../arm-none-eabi/lib/thumb/v7e-m+dp/hard/libstdc++.a(eh_arm.o)
                0x0000000008002d70                __cxa_type_match
 .text.__cxa_begin_cleanup
                0x0000000008002e24       0x64 /usr/lib/gcc/arm-none-eabi/10.3.1/../../../arm-none-eabi/lib/thumb/v7e-m+dp/hard/libstdc++.a(eh_arm.o)
                0x0000000008002e24                __cxa_begin_cleanup
 .text.__gnu_end_cleanup
                0x0000000008002e88       0x70 /usr/lib/gcc/arm-none-eabi/10.3.1/../../../arm-none-eabi/lib/thumb/v7e-m+dp/hard/libstdc++.a(eh_arm.o)
                0x0000000008002e88                __gnu_end_cleanup
 .text._ZN10__cxxabiv1L24__is_gxx_exception_classEPc
                0x0000000008002ef8       0x3c /usr/lib/gcc/arm-none-eabi/10.3.1/../../../arm-none-eabi/lib/thumb/v7e-m+dp/hard/libstdc++.a(eh_call.o)
 .text.__cxa_call_terminate
                0x0000000008002f34       0x20 /usr/lib/gcc/arm-none-eabi/10.3.1/../../../arm-none-eabi/lib/thumb/v7e-m+dp/hard/libstdc++.a(eh_call.o)
                0x0000000008002f34                __cxa_call_terminate
 .text.unlikely.__cxa_call_unexpected
                0x0000000008002f54       0xe4 /usr/lib/gcc/arm-none-eabi/10.3.1/../../../arm-none-eabi/lib/thumb/v7e-m+dp/hard/libstdc++.a(eh_call.o)
                0x0000000008002f54                __cxa_call_unexpected
 .text.__cxa_begin_catch
                0x0000000008003038       0x7c /usr/lib/gcc/arm-none-eabi/10.3.1/../../../arm-none-eabi/lib/thumb/v7e-m+dp/hard/libstdc++.a(eh_catch.o)
                0x0000000008003038                __cxa_begin_catch
 .text.__cxa_end_catch
                0x00000000080030b4       0x8c /usr/lib/gcc/arm-none-eabi/10.3.1/../../../arm-none-eabi/lib/thumb/v7e-m+dp/hard/libstdc++.a(eh_catch.o)
                0x00000000080030b4                __cxa_end_catch
 .text._ZNSt13bad_exceptionD2Ev
                0x0000000008003140        0x4 /usr/lib/gcc/arm-none-eabi/10.3.1/../../../arm-none-eabi/lib/thumb/v7e-m+dp/hard/libstdc++.a(eh_exception.o)
                0x0000000008003140                std::bad_exception::~bad_exception()
                0x0000000008003140                std::bad_exception::~bad_exception()
 .text._ZNKSt13bad_exception4whatEv
                0x0000000008003144        0x8 /usr/lib/gcc/arm-none-eabi/10.3.1/../../../arm-none-eabi/lib/thumb/v7e-m+dp/hard/libstdc++.a(eh_exception.o)
                0x0000000008003144                transaction clone for std::bad_exception::what() const
                0x0000000008003144                std::bad_exception::what() const
 .text._ZNSt13bad_exceptionD0Ev
                0x000000000800314c       0x10 /usr/lib/gcc/arm-none-eabi/10.3.1/../../../arm-none-eabi/lib/thumb/v7e-m+dp/hard/libstdc++.a(eh_exception.o)
                0x000000000800314c                std::bad_exception::~bad_exception()
 .text.__cxa_get_globals_fast
                0x000000000800315c        0x8 /usr/lib/gcc/arm-none-eabi/10.3.1/../../../arm-none-eabi/lib/thumb/v7e-m+dp/hard/libstdc++.a(eh_globals.o)
                0x000000000800315c                __cxa_get_globals_fast
 .text.__cxa_get_globals
                0x0000000008003164        0x8 /usr/lib/gcc/arm-none-eabi/10.3.1/../../../arm-none-eabi/lib/thumb/v7e-m+dp/hard/libstdc++.a(eh_globals.o)
                0x0000000008003164                __cxa_get_globals
 .text._ZL28read_encoded_value_with_basehjPKhPj
                0x000000000800316c       0xc0 /usr/lib/gcc/arm-none-eabi/10.3.1/../../../arm-none-eabi/lib/thumb/v7e-m+dp/hard/libstdc++.a(eh_personality.o)
 .text._ZL21base_of_encoded_valuehP15_Unwind_Context
                0x000000000800322c       0x50 /usr/lib/gcc/arm-none-eabi/10.3.1/../../../arm-none-eabi/lib/thumb/v7e-m+dp/hard/libstdc++.a(eh_personality.o)
 .text._ZL17parse_lsda_headerP15_Unwind_ContextPKhP16lsda_header_info
                0x000000000800327c       0x94 /usr/lib/gcc/arm-none-eabi/10.3.1/../../../arm-none-eabi/lib/thumb/v7e-m+dp/hard/libstdc++.a(eh_personality.o)
 .text.__gxx_personality_v0
                0x0000000008003310      0x4a8 /usr/lib/gcc/arm-none-eabi/10.3.1/../../../arm-none-eabi/lib/thumb/v7e-m+dp/hard/libstdc++.a(eh_personality.o)
                0x0000000008003310                __gxx_personality_v0
 .text._ZL23__gxx_exception_cleanup19_Unwind_Reason_CodeP21_Unwind_Control_Block
                0x00000000080037b8       0x4c /usr/lib/gcc/arm-none-eabi/10.3.1/../../../arm-none-eabi/lib/thumb/v7e-m+dp/hard/libstdc++.a(eh_throw.o)
 .text.__cxa_init_primary_exception
                0x0000000008003804       0x58 /usr/lib/gcc/arm-none-eabi/10.3.1/../../../arm-none-eabi/lib/thumb/v7e-m+dp/hard/libstdc++.a(eh_throw.o)
                0x0000000008003804                __cxa_init_primary_exception
 .text.__cxa_throw
                0x000000000800385c       0x38 /usr/lib/gcc/arm-none-eabi/10.3.1/../../../arm-none-eabi/lib/thumb/v7e-m+dp/hard/libstdc++.a(eh_throw.o)
                0x000000000800385c                __cxa_throw
 .text.__cxa_rethrow
                0x0000000008003894       0x70 /usr/lib/gcc/arm-none-eabi/10.3.1/../../../arm-none-eabi/lib/thumb/v7e-m+dp/hard/libstdc++.a(eh_throw.o)
                0x0000000008003894                __cxa_rethrow
 .text._ZN12_GLOBAL__N_14pool4freeEPv.constprop.0
                0x0000000008003904       0x88 /usr/lib/gcc/arm-none-eabi/10.3.1/../../../arm-none-eabi/lib/thumb/v7e-m+dp/hard/libstdc++.a(eh_alloc.o)
 .text._ZN12_GLOBAL__N_14pool8allocateEj.constprop.0
                0x000000000800398c       0x58 /usr/lib/gcc/arm-none-eabi/10.3.1/../../../arm-none-eabi/lib/thumb/v7e-m+dp/hard/libstdc++.a(eh_alloc.o)
 .text.__cxa_allocate_exception
                0x00000000080039e4       0x30 /usr/lib/gcc/arm-none-eabi/10.3.1/../../../arm-none-eabi/lib/thumb/v7e-m+dp/hard/libstdc++.a(eh_alloc.o)
                0x00000000080039e4                __cxa_allocate_exception
 .text.__cxa_free_exception
                0x0000000008003a14       0x20 /usr/lib/gcc/arm-none-eabi/10.3.1/../../../arm-none-eabi/lib/thumb/v7e-m+dp/hard/libstdc++.a(eh_alloc.o)
                0x0000000008003a14                __cxa_free_exception
 .text.startup._GLOBAL__sub_I__ZN9__gnu_cxx9__freeresEv
                0x0000000008003a34       0x28 /usr/lib/gcc/arm-none-eabi/10.3.1/../../../arm-none-eabi/lib/thumb/v7e-m+dp/hard/libstdc++.a(eh_alloc.o)
 .text.startup  0x0000000008003a5c       0x14 /usr/lib/gcc/arm-none-eabi/10.3.1/../../../arm-none-eabi/lib/thumb/v7e-m+dp/hard/libc.a(lib_a-__call_atexit.o)
 .text.unlikely
                0x0000000008003a70        0xc /usr/lib/gcc/arm-none-eabi/10.3.1/thumb/v7e-m+dp/hard/libgcc.a(pr-support.o)
                0x0000000008003a70                _Unwind_GetDataRelBase
                0x0000000008003a76                _Unwind_GetTextRelBase
 *(.glue_7)
 .glue_7        0x0000000008003a7c        0x0 linker stubs
 *(.glue_7t)
 .glue_7t       0x0000000008003a7c        0x0 linker stubs
 *(.eh_frame)
 .eh_frame      0x0000000008003a7c        0x0 /usr/lib/gcc/arm-none-eabi/10.3.1/thumb/v7e-m+dp/hard/crtbegin.o
 *(.init)
 .init          0x0000000008003a7c        0x4 /usr/lib/gcc/arm-none-eabi/10.3.1/thumb/v7e-m+dp/hard/crti.o
                0x0000000008003a7c                _init
 .init          0x0000000008003a80        0x8 /usr/lib/gcc/arm-none-eabi/10.3.1/thumb/v7e-m+dp/hard/crtn.o
 *(.fini)
 .fini          0x0000000008003a88        0x4 /usr/lib/gcc/arm-none-eabi/10.3.1/thumb/v7e-m+dp/hard/crti.o
                0x0000000008003a88                _fini
 .fini          0x0000000008003a8c        0x8 /usr/lib/gcc/arm-none-eabi/10.3.1/thumb/v7e-m+dp/hard/crtn.o
                0x0000000008003a94                . = ALIGN (0x4)
                0x0000000008003a94                _etext = .

.vfp11_veneer   0x0000000008003a94        0x0
 .vfp11_veneer  0x0000000008003a94        0x0 linker stubs

.v4_bx          0x0000000008003a94        0x0
 .v4_bx         0x0000000008003a94        0x0 linker stubs

.iplt           0x0000000008003a94        0x0
 .iplt          0x0000000008003a94        0x0 /usr/lib/gcc/arm-none-eabi/10.3.1/thumb/v7e-m+dp/hard/crtbegin.o

.rodata         0x0000000008003a94      0x1e8
                0x0000000008003a94                . = ALIGN (0x4)
 *(.rodata)
 .rodata        0x0000000008003a94        0x4 /usr/lib/gcc/arm-none-eabi/10.3.1/../../../arm-none-eabi/lib/thumb/v7e-m+dp/hard/libc.a(lib_a-impure.o)
                0x0000000008003a94                _global_impure_ptr
 *(.rodata*)
 .rodata._ZTVN3KFL5Stmh76HwGpioE
                0x0000000008003a98       0x14 common/drivers/platform/stm32h7/libhal.a(st_gpio.cc.obj)
                0x0000000008003a98                vtable for KFL::Stmh7::HwGpio
 .rodata._ZTVN3KFL4GpioE
                0x0000000008003aac       0x14 common/drivers/platform/stm32h7/libhal.a(st_gpio.cc.obj)
                0x0000000008003aac                vtable for KFL::Gpio
 .rodata._ZTIN3KFL5Stmh76HwGpioE
                0x0000000008003ac0        0xc common/drivers/platform/stm32h7/libhal.a(st_gpio.cc.obj)
                0x0000000008003ac0                typeinfo for KFL::Stmh7::HwGpio
 .rodata._ZTSN3KFL5Stmh76HwGpioE
                0x0000000008003acc       0x14 common/drivers/platform/stm32h7/libhal.a(st_gpio.cc.obj)
                0x0000000008003acc                typeinfo name for KFL::Stmh7::HwGpio
 .rodata._ZTIN3KFL4GpioE
                0x0000000008003ae0        0x8 common/drivers/platform/stm32h7/libhal.a(st_gpio.cc.obj)
                0x0000000008003ae0                typeinfo for KFL::Gpio
 .rodata._ZTSN3KFL4GpioE
                0x0000000008003ae8        0xc common/drivers/platform/stm32h7/libhal.a(st_gpio.cc.obj)
                0x0000000008003ae8                typeinfo name for KFL::Gpio
 .rodata._ZTIN10__cxxabiv117__class_type_infoE
                0x0000000008003af4        0xc /usr/lib/gcc/arm-none-eabi/10.3.1/../../../arm-none-eabi/lib/thumb/v7e-m+dp/hard/libstdc++.a(class_type_info.o)
                0x0000000008003af4                typeinfo for __cxxabiv1::__class_type_info
 .rodata._ZTSN10__cxxabiv117__class_type_infoE
                0x0000000008003b00       0x22 /usr/lib/gcc/arm-none-eabi/10.3.1/../../../arm-none-eabi/lib/thumb/v7e-m+dp/hard/libstdc++.a(class_type_info.o)
                0x0000000008003b00                typeinfo name for __cxxabiv1::__class_type_info
 *fill*         0x0000000008003b22        0x2 
 .rodata._ZTVN10__cxxabiv117__class_type_infoE
                0x0000000008003b24       0x2c /usr/lib/gcc/arm-none-eabi/10.3.1/../../../arm-none-eabi/lib/thumb/v7e-m+dp/hard/libstdc++.a(class_type_info.o)
                0x0000000008003b24                vtable for __cxxabiv1::__class_type_info
 .rodata._ZTIN10__cxxabiv120__si_class_type_infoE
                0x0000000008003b50        0xc /usr/lib/gcc/arm-none-eabi/10.3.1/../../../arm-none-eabi/lib/thumb/v7e-m+dp/hard/libstdc++.a(si_class_type_info.o)
                0x0000000008003b50                typeinfo for __cxxabiv1::__si_class_type_info
 .rodata._ZTSN10__cxxabiv120__si_class_type_infoE
                0x0000000008003b5c       0x25 /usr/lib/gcc/arm-none-eabi/10.3.1/../../../arm-none-eabi/lib/thumb/v7e-m+dp/hard/libstdc++.a(si_class_type_info.o)
                0x0000000008003b5c                typeinfo name for __cxxabiv1::__si_class_type_info
 *fill*         0x0000000008003b81        0x3 
 .rodata._ZTVN10__cxxabiv120__si_class_type_infoE
                0x0000000008003b84       0x2c /usr/lib/gcc/arm-none-eabi/10.3.1/../../../arm-none-eabi/lib/thumb/v7e-m+dp/hard/libstdc++.a(si_class_type_info.o)
                0x0000000008003b84                vtable for __cxxabiv1::__si_class_type_info
 .rodata._ZTISt9type_info
                0x0000000008003bb0        0x8 /usr/lib/gcc/arm-none-eabi/10.3.1/../../../arm-none-eabi/lib/thumb/v7e-m+dp/hard/libstdc++.a(tinfo.o)
                0x0000000008003bb0                typeinfo for std::type_info
 .rodata._ZTSSt9type_info
                0x0000000008003bb8        0xd /usr/lib/gcc/arm-none-eabi/10.3.1/../../../arm-none-eabi/lib/thumb/v7e-m+dp/hard/libstdc++.a(tinfo.o)
                0x0000000008003bb8                typeinfo name for std::type_info
 *fill*         0x0000000008003bc5        0x3 
 .rodata._ZNKSt13bad_exception4whatEv.str1.4
                0x0000000008003bc8       0x13 /usr/lib/gcc/arm-none-eabi/10.3.1/../../../arm-none-eabi/lib/thumb/v7e-m+dp/hard/libstdc++.a(eh_exception.o)
 *fill*         0x0000000008003bdb        0x1 
 .rodata._ZTIN10__cxxabiv115__forced_unwindE
                0x0000000008003bdc        0x8 /usr/lib/gcc/arm-none-eabi/10.3.1/../../../arm-none-eabi/lib/thumb/v7e-m+dp/hard/libstdc++.a(eh_exception.o)
                0x0000000008003bdc                typeinfo for __cxxabiv1::__forced_unwind
 .rodata._ZTIN10__cxxabiv119__foreign_exceptionE
                0x0000000008003be4        0x8 /usr/lib/gcc/arm-none-eabi/10.3.1/../../../arm-none-eabi/lib/thumb/v7e-m+dp/hard/libstdc++.a(eh_exception.o)
                0x0000000008003be4                typeinfo for __cxxabiv1::__foreign_exception
 .rodata._ZTISt13bad_exception
                0x0000000008003bec        0xc /usr/lib/gcc/arm-none-eabi/10.3.1/../../../arm-none-eabi/lib/thumb/v7e-m+dp/hard/libstdc++.a(eh_exception.o)
                0x0000000008003bec                typeinfo for std::bad_exception
 .rodata._ZTISt9exception
                0x0000000008003bf8        0x8 /usr/lib/gcc/arm-none-eabi/10.3.1/../../../arm-none-eabi/lib/thumb/v7e-m+dp/hard/libstdc++.a(eh_exception.o)
                0x0000000008003bf8                typeinfo for std::exception
 .rodata._ZTSN10__cxxabiv115__forced_unwindE
                0x0000000008003c00       0x20 /usr/lib/gcc/arm-none-eabi/10.3.1/../../../arm-none-eabi/lib/thumb/v7e-m+dp/hard/libstdc++.a(eh_exception.o)
                0x0000000008003c00                typeinfo name for __cxxabiv1::__forced_unwind
 .rodata._ZTSN10__cxxabiv119__foreign_exceptionE
                0x0000000008003c20       0x24 /usr/lib/gcc/arm-none-eabi/10.3.1/../../../arm-none-eabi/lib/thumb/v7e-m+dp/hard/libstdc++.a(eh_exception.o)
                0x0000000008003c20                typeinfo name for __cxxabiv1::__foreign_exception
 .rodata._ZTSSt13bad_exception
                0x0000000008003c44       0x12 /usr/lib/gcc/arm-none-eabi/10.3.1/../../../arm-none-eabi/lib/thumb/v7e-m+dp/hard/libstdc++.a(eh_exception.o)
                0x0000000008003c44                typeinfo name for std::bad_exception
 *fill*         0x0000000008003c56        0x2 
 .rodata._ZTSSt9exception
                0x0000000008003c58        0xd /usr/lib/gcc/arm-none-eabi/10.3.1/../../../arm-none-eabi/lib/thumb/v7e-m+dp/hard/libstdc++.a(eh_exception.o)
                0x0000000008003c58                typeinfo name for std::exception
 *fill*         0x0000000008003c65        0x3 
 .rodata._ZTVSt13bad_exception
                0x0000000008003c68       0x14 /usr/lib/gcc/arm-none-eabi/10.3.1/../../../arm-none-eabi/lib/thumb/v7e-m+dp/hard/libstdc++.a(eh_exception.o)
                0x0000000008003c68                vtable for std::bad_exception
                0x0000000008003c7c                . = ALIGN (0x4)

.ARM.extab      0x0000000008003c7c       0xdc
 *(.ARM.extab* .gnu.linkonce.armextab.*)
 .ARM.extab.text._ZSt3refIN3KFL4GpioEESt17reference_wrapperIT_ERS3_
                0x0000000008003c7c        0x0 app/blink/CMakeFiles/blink.dir/main.cc.obj
 .ARM.extab.text._ZNKSt17reference_wrapperIN3KFL4GpioEE3getEv
                0x0000000008003c7c        0x0 app/blink/CMakeFiles/blink.dir/main.cc.obj
 .ARM.extab.text._ZNSt5arrayISt17reference_wrapperIN3KFL4GpioEELj3EEixEj
                0x0000000008003c7c        0x0 app/blink/CMakeFiles/blink.dir/main.cc.obj
 .ARM.extab.text._ZNSt14__array_traitsISt17reference_wrapperIN3KFL4GpioEELj3EE6_S_refERA3_KS3_j
                0x0000000008003c7c        0x0 app/blink/CMakeFiles/blink.dir/main.cc.obj
 .ARM.extab.text._ZNKSt5arrayISt17reference_wrapperIN3KFL4GpioEELj3EE4sizeEv
                0x0000000008003c7c        0x0 app/blink/CMakeFiles/blink.dir/main.cc.obj
 .ARM.extab.text.main
                0x0000000008003c7c        0xc app/blink/CMakeFiles/blink.dir/main.cc.obj
 .ARM.extab.text._ZNSt17reference_wrapperIN3KFL4GpioEEC2IRS1_vPS1_EEOT_
                0x0000000008003c88        0x0 app/blink/CMakeFiles/blink.dir/main.cc.obj
 .ARM.extab.text._ZSt7forwardIRN3KFL4GpioEEOT_RNSt16remove_referenceIS3_E4typeE
                0x0000000008003c88        0x0 app/blink/CMakeFiles/blink.dir/main.cc.obj
 .ARM.extab.text._ZNSt17reference_wrapperIN3KFL4GpioEE6_S_funERS1_
                0x0000000008003c88        0x0 app/blink/CMakeFiles/blink.dir/main.cc.obj
 .ARM.extab.text._ZSt11__addressofIN3KFL4GpioEEPT_RS2_
                0x0000000008003c88        0x0 app/blink/CMakeFiles/blink.dir/main.cc.obj
 .ARM.extab.text._ZN3KFL10board_initEv
                0x0000000008003c88        0xc app/blink/bsp_h723/libblink_bsp.a(h723_board.cc.obj)
 .ARM.extab.text._ZN3KFL4GpioC2Ev
                0x0000000008003c94        0x0 common/drivers/platform/stm32h7/libhal.a(st_gpio.cc.obj)
 .ARM.extab.text._ZN3KFL5Stmh76HwGpio6toggleEv
                0x0000000008003c94        0xc common/drivers/platform/stm32h7/libhal.a(st_gpio.cc.obj)
 .ARM.extab.text._ZN10__cxxabiv111__terminateEPFvvE
                0x0000000008003ca0       0x28 /usr/lib/gcc/arm-none-eabi/10.3.1/../../../arm-none-eabi/lib/thumb/v7e-m+dp/hard/libstdc++.a(eh_terminate.o)
 .ARM.extab.text._ZN10__cxxabiv112__unexpectedEPFvvE
                0x0000000008003cc8        0xc /usr/lib/gcc/arm-none-eabi/10.3.1/../../../arm-none-eabi/lib/thumb/v7e-m+dp/hard/libstdc++.a(eh_terminate.o)
 .ARM.extab.text._ZSt10unexpectedv
                0x0000000008003cd4        0xc /usr/lib/gcc/arm-none-eabi/10.3.1/../../../arm-none-eabi/lib/thumb/v7e-m+dp/hard/libstdc++.a(eh_terminate.o)
 .ARM.extab.text.unlikely.__cxa_call_unexpected
                0x0000000008003ce0       0x24 /usr/lib/gcc/arm-none-eabi/10.3.1/../../../arm-none-eabi/lib/thumb/v7e-m+dp/hard/libstdc++.a(eh_call.o)
 .ARM.extab.text.__cxa_begin_catch
                0x0000000008003d04        0xc /usr/lib/gcc/arm-none-eabi/10.3.1/../../../arm-none-eabi/lib/thumb/v7e-m+dp/hard/libstdc++.a(eh_catch.o)
 .ARM.extab.text._ZL21base_of_encoded_valuehP15_Unwind_Context
                0x0000000008003d10        0xc /usr/lib/gcc/arm-none-eabi/10.3.1/../../../arm-none-eabi/lib/thumb/v7e-m+dp/hard/libstdc++.a(eh_personality.o)
 .ARM.extab.text.__gxx_personality_v0
                0x0000000008003d1c       0x24 /usr/lib/gcc/arm-none-eabi/10.3.1/../../../arm-none-eabi/lib/thumb/v7e-m+dp/hard/libstdc++.a(eh_personality.o)
 .ARM.extab     0x0000000008003d40       0x18 /usr/lib/gcc/arm-none-eabi/10.3.1/thumb/v7e-m+dp/hard/libgcc.a(pr-support.o)

.ARM            0x0000000008003d58      0x1a0
                0x0000000008003d58                __exidx_start = .
 *(.ARM.exidx*)
 .ARM.exidx     0x0000000008003d58       0x80 /usr/lib/gcc/arm-none-eabi/10.3.1/thumb/v7e-m+dp/hard/libgcc.a(unwind-arm.o)
                                         0xd8 (size before relaxing)
 .ARM.exidx     0x0000000008003dd8       0x38 /usr/lib/gcc/arm-none-eabi/10.3.1/thumb/v7e-m+dp/hard/libgcc.a(pr-support.o)
 .ARM.exidx.text._ZSt3refIN3KFL4GpioEESt17reference_wrapperIT_ERS3_
                0x0000000008003e10        0x0 app/blink/CMakeFiles/blink.dir/main.cc.obj
                                          0x8 (size before relaxing)
 .ARM.exidx.text._ZNKSt17reference_wrapperIN3KFL4GpioEE3getEv
                0x0000000008003e10        0x0 app/blink/CMakeFiles/blink.dir/main.cc.obj
                                          0x8 (size before relaxing)
 .ARM.exidx.text._ZNSt5arrayISt17reference_wrapperIN3KFL4GpioEELj3EEixEj
                0x0000000008003e10        0x0 app/blink/CMakeFiles/blink.dir/main.cc.obj
                                          0x8 (size before relaxing)
 .ARM.exidx.text._ZNSt14__array_traitsISt17reference_wrapperIN3KFL4GpioEELj3EE6_S_refERA3_KS3_j
                0x0000000008003e10        0x0 app/blink/CMakeFiles/blink.dir/main.cc.obj
                                          0x8 (size before relaxing)
 .ARM.exidx.text._ZNKSt5arrayISt17reference_wrapperIN3KFL4GpioEELj3EE4sizeEv
                0x0000000008003e10        0x0 app/blink/CMakeFiles/blink.dir/main.cc.obj
                                          0x8 (size before relaxing)
 .ARM.exidx.text.main
                0x0000000008003e10        0x8 app/blink/CMakeFiles/blink.dir/main.cc.obj
 .ARM.exidx.text._ZNSt17reference_wrapperIN3KFL4GpioEEC2IRS1_vPS1_EEOT_
                0x0000000008003e18        0x8 app/blink/CMakeFiles/blink.dir/main.cc.obj
 .ARM.exidx.text._ZSt7forwardIRN3KFL4GpioEEOT_RNSt16remove_referenceIS3_E4typeE
                0x0000000008003e20        0x0 app/blink/CMakeFiles/blink.dir/main.cc.obj
                                          0x8 (size before relaxing)
 .ARM.exidx.text._ZNSt17reference_wrapperIN3KFL4GpioEE6_S_funERS1_
                0x0000000008003e20        0x0 app/blink/CMakeFiles/blink.dir/main.cc.obj
                                          0x8 (size before relaxing)
 .ARM.exidx.text._ZSt11__addressofIN3KFL4GpioEEPT_RS2_
                0x0000000008003e20        0x0 app/blink/CMakeFiles/blink.dir/main.cc.obj
                                          0x8 (size before relaxing)
 .ARM.exidx.text._ZN3KFL10board_initEv
                0x0000000008003e20        0x8 app/blink/bsp_h723/libblink_bsp.a(h723_board.cc.obj)
 .ARM.exidx.text._ZN3KFL9get_boardEv
                0x0000000008003e28        0x8 app/blink/bsp_h723/libblink_bsp.a(h723_board.cc.obj)
 .ARM.exidx.text._Z41__static_initialization_and_destruction_0ii
                0x0000000008003e30        0x0 app/blink/bsp_h723/libblink_bsp.a(h723_board.cc.obj)
                                          0x8 (size before relaxing)
 .ARM.exidx.text._GLOBAL__sub_I__ZN3KFL5Stmh711ld_settingsE
                0x0000000008003e30        0x0 app/blink/bsp_h723/libblink_bsp.a(h723_board.cc.obj)
                                          0x8 (size before relaxing)
 .ARM.exidx.text._ZN3KFL5Stmh7L9set_fieldEPVmmmm
                0x0000000008003e30        0x0 common/drivers/platform/stm32h7/libhal.a(st_gpio.cc.obj)
                                          0x8 (size before relaxing)
 .ARM.exidx.text._ZN3KFL4GpioC2Ev
                0x0000000008003e30        0x0 common/drivers/platform/stm32h7/libhal.a(st_gpio.cc.obj)
                                          0x8 (size before relaxing)
 .ARM.exidx.text._ZN3KFL5Stmh76HwGpioC2ERKNS0_12StGpioParamsE
                0x0000000008003e30        0x0 common/drivers/platform/stm32h7/libhal.a(st_gpio.cc.obj)
                                          0x8 (size before relaxing)
 .ARM.exidx.text._ZN3KFL5Stmh76HwGpio4initEv
                0x0000000008003e30        0x0 common/drivers/platform/stm32h7/libhal.a(st_gpio.cc.obj)
                                          0x8 (size before relaxing)
 .ARM.exidx.text._ZN3KFL5Stmh76HwGpio6toggleEv
                0x0000000008003e30        0x8 common/drivers/platform/stm32h7/libhal.a(st_gpio.cc.obj)
 .ARM.exidx.text._ZN3KFL5Stmh76HwGpio3setEb
                0x0000000008003e38        0x8 common/drivers/platform/stm32h7/libhal.a(st_gpio.cc.obj)
 .ARM.exidx.text._ZN3KFL5Stmh76HwGpio4readEv
                0x0000000008003e40        0x0 common/drivers/platform/stm32h7/libhal.a(st_gpio.cc.obj)
                                          0x8 (size before relaxing)
 .ARM.exidx.text._ZNK10__cxxabiv117__class_type_info11__do_upcastEPKS0_PPv
                0x0000000008003e40        0x8 /usr/lib/gcc/arm-none-eabi/10.3.1/../../../arm-none-eabi/lib/thumb/v7e-m+dp/hard/libstdc++.a(class_type_info.o)
 .ARM.exidx.text._ZNK10__cxxabiv117__class_type_info20__do_find_public_srcEiPKvPKS0_S2_
                0x0000000008003e48        0x8 /usr/lib/gcc/arm-none-eabi/10.3.1/../../../arm-none-eabi/lib/thumb/v7e-m+dp/hard/libstdc++.a(class_type_info.o)
 .ARM.exidx.text._ZN10__cxxabiv117__class_type_infoD2Ev
                0x0000000008003e50        0x0 /usr/lib/gcc/arm-none-eabi/10.3.1/../../../arm-none-eabi/lib/thumb/v7e-m+dp/hard/libstdc++.a(class_type_info.o)
                                          0x8 (size before relaxing)
 .ARM.exidx.text._ZN10__cxxabiv117__class_type_infoD0Ev
                0x0000000008003e50        0x0 /usr/lib/gcc/arm-none-eabi/10.3.1/../../../arm-none-eabi/lib/thumb/v7e-m+dp/hard/libstdc++.a(class_type_info.o)
                                          0x8 (size before relaxing)
 .ARM.exidx.text._ZNK10__cxxabiv117__class_type_info12__do_dyncastEiNS0_10__sub_kindEPKS0_PKvS3_S5_RNS0_16__dyncast_resultE
                0x0000000008003e50        0x0 /usr/lib/gcc/arm-none-eabi/10.3.1/../../../arm-none-eabi/lib/thumb/v7e-m+dp/hard/libstdc++.a(class_type_info.o)
                                          0x8 (size before relaxing)
 .ARM.exidx.text._ZNK10__cxxabiv117__class_type_info11__do_upcastEPKS0_PKvRNS0_15__upcast_resultE
                0x0000000008003e50        0x0 /usr/lib/gcc/arm-none-eabi/10.3.1/../../../arm-none-eabi/lib/thumb/v7e-m+dp/hard/libstdc++.a(class_type_info.o)
                                          0x8 (size before relaxing)
 .ARM.exidx.text._ZNK10__cxxabiv117__class_type_info10__do_catchEPKSt9type_infoPPvj
                0x0000000008003e50        0x0 /usr/lib/gcc/arm-none-eabi/10.3.1/../../../arm-none-eabi/lib/thumb/v7e-m+dp/hard/libstdc++.a(class_type_info.o)
                                          0x8 (size before relaxing)
 .ARM.exidx.text._ZdlPvj
                0x0000000008003e50        0x0 /usr/lib/gcc/arm-none-eabi/10.3.1/../../../arm-none-eabi/lib/thumb/v7e-m+dp/hard/libstdc++.a(del_ops.o)
                                          0x8 (size before relaxing)
 .ARM.exidx.text.__cxa_pure_virtual
                0x0000000008003e50        0x0 /usr/lib/gcc/arm-none-eabi/10.3.1/../../../arm-none-eabi/lib/thumb/v7e-m+dp/hard/libstdc++.a(pure.o)
                                          0x8 (size before relaxing)
 .ARM.exidx.text._ZN10__cxxabiv120__si_class_type_infoD2Ev
                0x0000000008003e50        0x0 /usr/lib/gcc/arm-none-eabi/10.3.1/../../../arm-none-eabi/lib/thumb/v7e-m+dp/hard/libstdc++.a(si_class_type_info.o)
                                          0x8 (size before relaxing)
 .ARM.exidx.text._ZN10__cxxabiv120__si_class_type_infoD0Ev
                0x0000000008003e50        0x0 /usr/lib/gcc/arm-none-eabi/10.3.1/../../../arm-none-eabi/lib/thumb/v7e-m+dp/hard/libstdc++.a(si_class_type_info.o)
                                          0x8 (size before relaxing)
 .ARM.exidx.text._ZNK10__cxxabiv120__si_class_type_info20__do_find_public_srcEiPKvPKNS_17__class_type_infoES2_
                0x0000000008003e50        0x0 /usr/lib/gcc/arm-none-eabi/10.3.1/../../../arm-none-eabi/lib/thumb/v7e-m+dp/hard/libstdc++.a(si_class_type_info.o)
                                          0x8 (size before relaxing)
 .ARM.exidx.text._ZNK10__cxxabiv120__si_class_type_info12__do_dyncastEiNS_17__class_type_info10__sub_kindEPKS1_PKvS4_S6_RNS1_16__dyncast_resultE
                0x0000000008003e50        0x0 /usr/lib/gcc/arm-none-eabi/10.3.1/../../../arm-none-eabi/lib/thumb/v7e-m+dp/hard/libstdc++.a(si_class_type_info.o)
                                          0x8 (size before relaxing)
 .ARM.exidx.text._ZNK10__cxxabiv120__si_class_type_info11__do_upcastEPKNS_17__class_type_infoEPKvRNS1_15__upcast_resultE
                0x0000000008003e50        0x8 /usr/lib/gcc/arm-none-eabi/10.3.1/../../../arm-none-eabi/lib/thumb/v7e-m+dp/hard/libstdc++.a(si_class_type_info.o)
 .ARM.exidx.text._ZNSt9type_infoD2Ev
                0x0000000008003e58        0x8 /usr/lib/gcc/arm-none-eabi/10.3.1/../../../arm-none-eabi/lib/thumb/v7e-m+dp/hard/libstdc++.a(tinfo.o)
 .ARM.exidx.text._ZNKSt9type_info14__is_pointer_pEv
                0x0000000008003e60        0x0 /usr/lib/gcc/arm-none-eabi/10.3.1/../../../arm-none-eabi/lib/thumb/v7e-m+dp/hard/libstdc++.a(tinfo.o)
                                          0x8 (size before relaxing)
 .ARM.exidx.text._ZNKSt9type_infoeqERKS_
                0x0000000008003e60        0x0 /usr/lib/gcc/arm-none-eabi/10.3.1/../../../arm-none-eabi/lib/thumb/v7e-m+dp/hard/libstdc++.a(tinfo.o)
                                          0x8 (size before relaxing)
 .ARM.exidx.text._ZdlPv
                0x0000000008003e60        0x0 /usr/lib/gcc/arm-none-eabi/10.3.1/../../../arm-none-eabi/lib/thumb/v7e-m+dp/hard/libstdc++.a(del_op.o)
                                          0x8 (size before relaxing)
 .ARM.exidx.text._ZN10__cxxabiv111__terminateEPFvvE
                0x0000000008003e60        0x8 /usr/lib/gcc/arm-none-eabi/10.3.1/../../../arm-none-eabi/lib/thumb/v7e-m+dp/hard/libstdc++.a(eh_terminate.o)
 .ARM.exidx.text._ZSt9terminatev
                0x0000000008003e68        0x8 /usr/lib/gcc/arm-none-eabi/10.3.1/../../../arm-none-eabi/lib/thumb/v7e-m+dp/hard/libstdc++.a(eh_terminate.o)
 .ARM.exidx.text._ZN10__cxxabiv112__unexpectedEPFvvE
                0x0000000008003e70        0x8 /usr/lib/gcc/arm-none-eabi/10.3.1/../../../arm-none-eabi/lib/thumb/v7e-m+dp/hard/libstdc++.a(eh_terminate.o)
 .ARM.exidx.text._ZSt10unexpectedv
                0x0000000008003e78        0x8 /usr/lib/gcc/arm-none-eabi/10.3.1/../../../arm-none-eabi/lib/thumb/v7e-m+dp/hard/libstdc++.a(eh_terminate.o)
 .ARM.exidx.text._ZSt13get_terminatev
                0x0000000008003e80        0x8 /usr/lib/gcc/arm-none-eabi/10.3.1/../../../arm-none-eabi/lib/thumb/v7e-m+dp/hard/libstdc++.a(eh_terminate.o)
 .ARM.exidx.text._ZSt14get_unexpectedv
                0x0000000008003e88        0x0 /usr/lib/gcc/arm-none-eabi/10.3.1/../../../arm-none-eabi/lib/thumb/v7e-m+dp/hard/libstdc++.a(eh_terminate.o)
                                          0x8 (size before relaxing)
 .ARM.exidx.text.__cxa_type_match
                0x0000000008003e88        0x8 /usr/lib/gcc/arm-none-eabi/10.3.1/../../../arm-none-eabi/lib/thumb/v7e-m+dp/hard/libstdc++.a(eh_arm.o)
 .ARM.exidx.text.__cxa_begin_cleanup
                0x0000000008003e90        0x8 /usr/lib/gcc/arm-none-eabi/10.3.1/../../../arm-none-eabi/lib/thumb/v7e-m+dp/hard/libstdc++.a(eh_arm.o)
 .ARM.exidx.text.__gnu_end_cleanup
                0x0000000008003e98        0x0 /usr/lib/gcc/arm-none-eabi/10.3.1/../../../arm-none-eabi/lib/thumb/v7e-m+dp/hard/libstdc++.a(eh_arm.o)
                                          0x8 (size before relaxing)
 .ARM.exidx.text._ZN10__cxxabiv1L24__is_gxx_exception_classEPc
                0x0000000008003e98        0x0 /usr/lib/gcc/arm-none-eabi/10.3.1/../../../arm-none-eabi/lib/thumb/v7e-m+dp/hard/libstdc++.a(eh_call.o)
                                          0x8 (size before relaxing)
 .ARM.exidx.text.__cxa_call_terminate
                0x0000000008003e98        0x0 /usr/lib/gcc/arm-none-eabi/10.3.1/../../../arm-none-eabi/lib/thumb/v7e-m+dp/hard/libstdc++.a(eh_call.o)
                                          0x8 (size before relaxing)
 .ARM.exidx.text.unlikely.__cxa_call_unexpected
                0x0000000008003e98        0x8 /usr/lib/gcc/arm-none-eabi/10.3.1/../../../arm-none-eabi/lib/thumb/v7e-m+dp/hard/libstdc++.a(eh_call.o)
 .ARM.exidx.text.__cxa_begin_catch
                0x0000000008003ea0        0x8 /usr/lib/gcc/arm-none-eabi/10.3.1/../../../arm-none-eabi/lib/thumb/v7e-m+dp/hard/libstdc++.a(eh_catch.o)
 .ARM.exidx.text.__cxa_end_catch
                0x0000000008003ea8        0x8 /usr/lib/gcc/arm-none-eabi/10.3.1/../../../arm-none-eabi/lib/thumb/v7e-m+dp/hard/libstdc++.a(eh_catch.o)
 .ARM.exidx.text._ZNSt13bad_exceptionD2Ev
                0x0000000008003eb0        0x0 /usr/lib/gcc/arm-none-eabi/10.3.1/../../../arm-none-eabi/lib/thumb/v7e-m+dp/hard/libstdc++.a(eh_exception.o)
                                          0x8 (size before relaxing)
 .ARM.exidx.text._ZNKSt13bad_exception4whatEv
                0x0000000008003eb0        0x0 /usr/lib/gcc/arm-none-eabi/10.3.1/../../../arm-none-eabi/lib/thumb/v7e-m+dp/hard/libstdc++.a(eh_exception.o)
                                          0x8 (size before relaxing)
 .ARM.exidx.text._ZNSt13bad_exceptionD0Ev
                0x0000000008003eb0        0x0 /usr/lib/gcc/arm-none-eabi/10.3.1/../../../arm-none-eabi/lib/thumb/v7e-m+dp/hard/libstdc++.a(eh_exception.o)
                                          0x8 (size before relaxing)
 .ARM.exidx.text.__cxa_get_globals_fast
                0x0000000008003eb0        0x0 /usr/lib/gcc/arm-none-eabi/10.3.1/../../../arm-none-eabi/lib/thumb/v7e-m+dp/hard/libstdc++.a(eh_globals.o)
                                          0x8 (size before relaxing)
 .ARM.exidx.text.__cxa_get_globals
                0x0000000008003eb0        0x0 /usr/lib/gcc/arm-none-eabi/10.3.1/../../../arm-none-eabi/lib/thumb/v7e-m+dp/hard/libstdc++.a(eh_globals.o)
                                          0x8 (size before relaxing)
 .ARM.exidx.text._ZL28read_encoded_value_with_basehjPKhPj
                0x0000000008003eb0        0x8 /usr/lib/gcc/arm-none-eabi/10.3.1/../../../arm-none-eabi/lib/thumb/v7e-m+dp/hard/libstdc++.a(eh_personality.o)
 .ARM.exidx.text._ZL21base_of_encoded_valuehP15_Unwind_Context
                0x0000000008003eb8        0x8 /usr/lib/gcc/arm-none-eabi/10.3.1/../../../arm-none-eabi/lib/thumb/v7e-m+dp/hard/libstdc++.a(eh_personality.o)
 .ARM.exidx.text._ZL17parse_lsda_headerP15_Unwind_ContextPKhP16lsda_header_info
                0x0000000008003ec0        0x8 /usr/lib/gcc/arm-none-eabi/10.3.1/../../../arm-none-eabi/lib/thumb/v7e-m+dp/hard/libstdc++.a(eh_personality.o)
 .ARM.exidx.text.__gxx_personality_v0
                0x0000000008003ec8        0x8 /usr/lib/gcc/arm-none-eabi/10.3.1/../../../arm-none-eabi/lib/thumb/v7e-m+dp/hard/libstdc++.a(eh_personality.o)
 .ARM.exidx.text._ZL23__gxx_exception_cleanup19_Unwind_Reason_CodeP21_Unwind_Control_Block
                0x0000000008003ed0        0x8 /usr/lib/gcc/arm-none-eabi/10.3.1/../../../arm-none-eabi/lib/thumb/v7e-m+dp/hard/libstdc++.a(eh_throw.o)
 .ARM.exidx.text.__cxa_init_primary_exception
                0x0000000008003ed8        0x8 /usr/lib/gcc/arm-none-eabi/10.3.1/../../../arm-none-eabi/lib/thumb/v7e-m+dp/hard/libstdc++.a(eh_throw.o)
 .ARM.exidx.text.__cxa_throw
                0x0000000008003ee0        0x8 /usr/lib/gcc/arm-none-eabi/10.3.1/../../../arm-none-eabi/lib/thumb/v7e-m+dp/hard/libstdc++.a(eh_throw.o)
 .ARM.exidx.text.__cxa_rethrow
                0x0000000008003ee8        0x8 /usr/lib/gcc/arm-none-eabi/10.3.1/../../../arm-none-eabi/lib/thumb/v7e-m+dp/hard/libstdc++.a(eh_throw.o)
 .ARM.exidx.text._ZN12_GLOBAL__N_14pool4freeEPv.constprop.0
                0x0000000008003ef0        0x8 /usr/lib/gcc/arm-none-eabi/10.3.1/../../../arm-none-eabi/lib/thumb/v7e-m+dp/hard/libstdc++.a(eh_alloc.o)
 .ARM.exidx.text._ZN12_GLOBAL__N_14pool8allocateEj.constprop.0
                0x0000000008003ef8        0x0 /usr/lib/gcc/arm-none-eabi/10.3.1/../../../arm-none-eabi/lib/thumb/v7e-m+dp/hard/libstdc++.a(eh_alloc.o)
                                          0x8 (size before relaxing)
 .ARM.exidx.text.__cxa_allocate_exception
                0x0000000008003ef8        0x0 /usr/lib/gcc/arm-none-eabi/10.3.1/../../../arm-none-eabi/lib/thumb/v7e-m+dp/hard/libstdc++.a(eh_alloc.o)
                                          0x8 (size before relaxing)
 .ARM.exidx.text.__cxa_free_exception
                0x0000000008003ef8        0x0 /usr/lib/gcc/arm-none-eabi/10.3.1/../../../arm-none-eabi/lib/thumb/v7e-m+dp/hard/libstdc++.a(eh_alloc.o)
                                          0x8 (size before relaxing)
 .ARM.exidx.text.startup._GLOBAL__sub_I__ZN9__gnu_cxx9__freeresEv
                0x0000000008003ef8        0x0 /usr/lib/gcc/arm-none-eabi/10.3.1/../../../arm-none-eabi/lib/thumb/v7e-m+dp/hard/libstdc++.a(eh_alloc.o)
                                          0x8 (size before relaxing)
 .ARM.exidx.text.unlikely
                0x0000000008003ef8        0x0 /usr/lib/gcc/arm-none-eabi/10.3.1/thumb/v7e-m+dp/hard/libgcc.a(pr-support.o)
                                         0x10 (size before relaxing)
                0x0000000008003ef8                __exidx_end = .

.preinit_array  0x0000000008003ef8        0x0
                0x0000000008003ef8                PROVIDE (__preinit_array_start = .)
 *(.preinit_array*)
                0x0000000008003ef8                PROVIDE (__preinit_array_end = .)

.init_array     0x0000000008003ef8       0x10
                0x0000000008003ef8                PROVIDE (__init_array_start = .)
 *(SORT_BY_NAME(.init_array.*))
 .init_array.00000
                0x0000000008003ef8        0x4 /usr/lib/gcc/arm-none-eabi/10.3.1/../../../arm-none-eabi/lib/thumb/v7e-m+dp/hard/libc.a(lib_a-__call_atexit.o)
 *(.init_array*)
 .init_array    0x0000000008003efc        0x4 /usr/lib/gcc/arm-none-eabi/10.3.1/thumb/v7e-m+dp/hard/crtbegin.o
 .init_array    0x0000000008003f00        0x4 app/blink/bsp_h723/libblink_bsp.a(h723_board.cc.obj)
 .init_array    0x0000000008003f04        0x4 /usr/lib/gcc/arm-none-eabi/10.3.1/../../../arm-none-eabi/lib/thumb/v7e-m+dp/hard/libstdc++.a(eh_alloc.o)
                0x0000000008003f08                PROVIDE (__init_array_end = .)

.fini_array     0x0000000008003f08        0x4
                0x0000000008003f08                PROVIDE (__fini_array_start = .)
 *(SORT_BY_NAME(.fini_array.*))
 *(.fini_array*)
 .fini_array    0x0000000008003f08        0x4 /usr/lib/gcc/arm-none-eabi/10.3.1/thumb/v7e-m+dp/hard/crtbegin.o
                0x0000000008003f0c                PROVIDE (__fini_array_end = .)
                0x0000000008003f0c                _sidata = LOADADDR (.data)

.rel.dyn        0x0000000008003f0c        0x0
 .rel.iplt      0x0000000008003f0c        0x0 /usr/lib/gcc/arm-none-eabi/10.3.1/thumb/v7e-m+dp/hard/crtbegin.o

.data           0x0000000024000000      0x880 load address 0x0000000008003f0c
                0x0000000024000000                . = ALIGN (0x4)
                0x0000000024000000                _sdata = .
 *(.data)
 .data          0x0000000024000000      0x430 /usr/lib/gcc/arm-none-eabi/10.3.1/../../../arm-none-eabi/lib/thumb/v7e-m+dp/hard/libc.a(lib_a-impure.o)
                0x0000000024000000                _impure_ptr
 .data          0x0000000024000430      0x410 /usr/lib/gcc/arm-none-eabi/10.3.1/../../../arm-none-eabi/lib/thumb/v7e-m+dp/hard/libc.a(lib_a-mallocr.o)
                0x0000000024000430                __malloc_av_
                0x0000000024000838                __malloc_sbrk_base
                0x000000002400083c                __malloc_trim_threshold
 *(.data*)
 .data._ZN3KFL5Stmh711ld_settingsE
                0x0000000024000840        0x5 app/blink/bsp_h723/libblink_bsp.a(h723_board.cc.obj)
                0x0000000024000840                KFL::Stmh7::ld_settings
 *fill*         0x0000000024000845        0x3 
 .data._ZN3KFL5Stmh710ld1_paramsE
                0x0000000024000848        0xc app/blink/bsp_h723/libblink_bsp.a(h723_board.cc.obj)
                0x0000000024000848                KFL::Stmh7::ld1_params
 .data._ZN3KFL5Stmh710ld2_paramsE
                0x0000000024000854        0xc app/blink/bsp_h723/libblink_bsp.a(h723_board.cc.obj)
                0x0000000024000854                KFL::Stmh7::ld2_params
 .data._ZN3KFL5Stmh710ld3_paramsE
                0x0000000024000860        0xc app/blink/bsp_h723/libblink_bsp.a(h723_board.cc.obj)
                0x0000000024000860                KFL::Stmh7::ld3_params
 .data._ZN3KFL5boardE
                0x000000002400086c        0xc app/blink/bsp_h723/libblink_bsp.a(h723_board.cc.obj)
                0x000000002400086c                KFL::board
 .data._ZN10__cxxabiv120__unexpected_handlerE
                0x0000000024000878        0x4 /usr/lib/gcc/arm-none-eabi/10.3.1/../../../arm-none-eabi/lib/thumb/v7e-m+dp/hard/libstdc++.a(eh_unex_handler.o)
                0x0000000024000878                __cxxabiv1::__unexpected_handler
 .data._ZN10__cxxabiv119__terminate_handlerE
                0x000000002400087c        0x4 /usr/lib/gcc/arm-none-eabi/10.3.1/../../../arm-none-eabi/lib/thumb/v7e-m+dp/hard/libstdc++.a(eh_term_handler.o)
                0x000000002400087c                __cxxabiv1::__terminate_handler
 *(.RamFunc)
 *(.RamFunc*)
                0x0000000024000880                . = ALIGN (0x4)
                0x0000000024000880                _edata = .

.tm_clone_table
                0x0000000024000880        0x0 load address 0x000000000800478c
 .tm_clone_table
                0x0000000024000880        0x0 /usr/lib/gcc/arm-none-eabi/10.3.1/thumb/v7e-m+dp/hard/crtbegin.o
 .tm_clone_table
                0x0000000024000880        0x0 /usr/lib/gcc/arm-none-eabi/10.3.1/thumb/v7e-m+dp/hard/crtend.o

.igot.plt       0x0000000024000880        0x0 load address 0x000000000800478c
 .igot.plt      0x0000000024000880        0x0 /usr/lib/gcc/arm-none-eabi/10.3.1/thumb/v7e-m+dp/hard/crtbegin.o
                0x0000000024000880                . = ALIGN (0x4)

.bss            0x0000000024000880       0xa4 load address 0x000000000800478c
                0x0000000024000880                _sbss = .
                0x0000000024000880                __bss_start__ = _sbss
 *(.bss)
 .bss           0x0000000024000880       0x1c /usr/lib/gcc/arm-none-eabi/10.3.1/thumb/v7e-m+dp/hard/crtbegin.o
 .bss           0x000000002400089c       0x34 /usr/lib/gcc/arm-none-eabi/10.3.1/../../../arm-none-eabi/lib/thumb/v7e-m+dp/hard/libc.a(lib_a-mallocr.o)
                0x000000002400089c                __malloc_top_pad
                0x00000000240008a0                __malloc_current_mallinfo
                0x00000000240008c8                __malloc_max_sbrked_mem
                0x00000000240008cc                __malloc_max_total_mem
 .bss           0x00000000240008d0        0x4 /usr/lib/gcc/arm-none-eabi/10.3.1/../../../arm-none-eabi/lib/thumb/v7e-m+dp/hard/libc.a(lib_a-reent.o)
                0x00000000240008d0                errno
 .bss           0x00000000240008d4        0x4 /usr/lib/gcc/arm-none-eabi/10.3.1/../../../arm-none-eabi/lib/thumb/v7e-m+dp/hard/libnosys.a(sbrk.o)
 *(.bss*)
 .bss._ZN3KFL5Stmh73ld1E
                0x00000000240008d8       0x10 app/blink/bsp_h723/libblink_bsp.a(h723_board.cc.obj)
                0x00000000240008d8                KFL::Stmh7::ld1
 .bss._ZN3KFL5Stmh73ld2E
                0x00000000240008e8       0x10 app/blink/bsp_h723/libblink_bsp.a(h723_board.cc.obj)
                0x00000000240008e8                KFL::Stmh7::ld2
 .bss._ZN3KFL5Stmh73ld3E
                0x00000000240008f8       0x10 app/blink/bsp_h723/libblink_bsp.a(h723_board.cc.obj)
                0x00000000240008f8                KFL::Stmh7::ld3
 .bss._ZL10eh_globals
                0x0000000024000908        0xc /usr/lib/gcc/arm-none-eabi/10.3.1/../../../arm-none-eabi/lib/thumb/v7e-m+dp/hard/libstdc++.a(eh_globals.o)
 .bss._ZN12_GLOBAL__N_114emergency_poolE
                0x0000000024000914       0x10 /usr/lib/gcc/arm-none-eabi/10.3.1/../../../arm-none-eabi/lib/thumb/v7e-m+dp/hard/libstdc++.a(eh_alloc.o)
 *(COMMON)
                0x0000000024000924                . = ALIGN (0x4)
                0x0000000024000924                _ebss = .
                0x0000000024000924                __bss_end__ = _ebss

._user_heap_stack
                0x0000000024000924      0x604 load address 0x000000000800478c
                0x0000000024000928                . = ALIGN (0x8)
 *fill*         0x0000000024000924        0x4 
                0x0000000024000928                PROVIDE (end = .)
                [!provide]                        PROVIDE (_end = .)
                0x0000000024000b28                . = (. + _Min_Heap_Size)
 *fill*         0x0000000024000928      0x200 
                0x0000000024000f28                . = (. + _Min_Stack_Size)
 *fill*         0x0000000024000b28      0x400 
                0x0000000024000f28                . = ALIGN (0x8)

/DISCARD/
 libc.a(*)
 libm.a(*)
 libgcc.a(*)

.ARM.attributes
                0x0000000000000000       0x2e
 *(.ARM.attributes)
 .ARM.attributes
                0x0000000000000000       0x1e /usr/lib/gcc/arm-none-eabi/10.3.1/thumb/v7e-m+dp/hard/crti.o
 .ARM.attributes
                0x000000000000001e       0x32 /usr/lib/gcc/arm-none-eabi/10.3.1/thumb/v7e-m+dp/hard/crtbegin.o
 .ARM.attributes
                0x0000000000000050       0x32 app/blink/CMakeFiles/blink.dir/main.cc.obj
 .ARM.attributes
                0x0000000000000082       0x21 app/blink/CMakeFiles/blink.dir/__/__/mcu_support/stm32/h7xx/h723/startup_stm32h723xx.s.obj
 .ARM.attributes
                0x00000000000000a3       0x32 app/blink/bsp_h723/libblink_bsp.a(h723_board.cc.obj)
 .ARM.attributes
                0x00000000000000d5       0x32 common/drivers/platform/stm32h7/libhal.a(st_gpio.cc.obj)
 .ARM.attributes
                0x0000000000000107       0x32 mcu_support/stm32/h7xx/libst_h7_support.a(system_stm32h7xx.c.obj)
 .ARM.attributes
                0x0000000000000139       0x32 /usr/lib/gcc/arm-none-eabi/10.3.1/../../../arm-none-eabi/lib/thumb/v7e-m+dp/hard/libstdc++.a(class_type_info.o)
 .ARM.attributes
                0x000000000000016b       0x32 /usr/lib/gcc/arm-none-eabi/10.3.1/../../../arm-none-eabi/lib/thumb/v7e-m+dp/hard/libstdc++.a(del_ops.o)
 .ARM.attributes
                0x000000000000019d       0x32 /usr/lib/gcc/arm-none-eabi/10.3.1/../../../arm-none-eabi/lib/thumb/v7e-m+dp/hard/libstdc++.a(pure.o)
 .ARM.attributes
                0x00000000000001cf       0x32 /usr/lib/gcc/arm-none-eabi/10.3.1/../../../arm-none-eabi/lib/thumb/v7e-m+dp/hard/libstdc++.a(si_class_type_info.o)
 .ARM.attributes
                0x0000000000000201       0x32 /usr/lib/gcc/arm-none-eabi/10.3.1/../../../arm-none-eabi/lib/thumb/v7e-m+dp/hard/libstdc++.a(tinfo.o)
 .ARM.attributes
                0x0000000000000233       0x32 /usr/lib/gcc/arm-none-eabi/10.3.1/../../../arm-none-eabi/lib/thumb/v7e-m+dp/hard/libstdc++.a(del_op.o)
 .ARM.attributes
                0x0000000000000265       0x32 /usr/lib/gcc/arm-none-eabi/10.3.1/../../../arm-none-eabi/lib/thumb/v7e-m+dp/hard/libstdc++.a(eh_terminate.o)
 .ARM.attributes
                0x0000000000000297       0x30 /usr/lib/gcc/arm-none-eabi/10.3.1/../../../arm-none-eabi/lib/thumb/v7e-m+dp/hard/libstdc++.a(eh_unex_handler.o)
 .ARM.attributes
                0x00000000000002c7       0x32 /usr/lib/gcc/arm-none-eabi/10.3.1/../../../arm-none-eabi/lib/thumb/v7e-m+dp/hard/libstdc++.a(eh_arm.o)
 .ARM.attributes
                0x00000000000002f9       0x32 /usr/lib/gcc/arm-none-eabi/10.3.1/../../../arm-none-eabi/lib/thumb/v7e-m+dp/hard/libstdc++.a(eh_call.o)
 .ARM.attributes
                0x000000000000032b       0x32 /usr/lib/gcc/arm-none-eabi/10.3.1/../../../arm-none-eabi/lib/thumb/v7e-m+dp/hard/libstdc++.a(eh_catch.o)
 .ARM.attributes
                0x000000000000035d       0x32 /usr/lib/gcc/arm-none-eabi/10.3.1/../../../arm-none-eabi/lib/thumb/v7e-m+dp/hard/libstdc++.a(eh_exception.o)
 .ARM.attributes
                0x000000000000038f       0x32 /usr/lib/gcc/arm-none-eabi/10.3.1/../../../arm-none-eabi/lib/thumb/v7e-m+dp/hard/libstdc++.a(eh_globals.o)
 .ARM.attributes
                0x00000000000003c1       0x32 /usr/lib/gcc/arm-none-eabi/10.3.1/../../../arm-none-eabi/lib/thumb/v7e-m+dp/hard/libstdc++.a(eh_personality.o)
 .ARM.attributes
                0x00000000000003f3       0x30 /usr/lib/gcc/arm-none-eabi/10.3.1/../../../arm-none-eabi/lib/thumb/v7e-m+dp/hard/libstdc++.a(eh_term_handler.o)
 .ARM.attributes
                0x0000000000000423       0x32 /usr/lib/gcc/arm-none-eabi/10.3.1/../../../arm-none-eabi/lib/thumb/v7e-m+dp/hard/libstdc++.a(eh_throw.o)
 .ARM.attributes
                0x0000000000000455       0x32 /usr/lib/gcc/arm-none-eabi/10.3.1/../../../arm-none-eabi/lib/thumb/v7e-m+dp/hard/libstdc++.a(eh_alloc.o)
 .ARM.attributes
                0x0000000000000487       0x32 /usr/lib/gcc/arm-none-eabi/10.3.1/../../../arm-none-eabi/lib/thumb/v7e-m+dp/hard/libc.a(lib_a-abort.o)
 .ARM.attributes
                0x00000000000004b9       0x32 /usr/lib/gcc/arm-none-eabi/10.3.1/../../../arm-none-eabi/lib/thumb/v7e-m+dp/hard/libc.a(lib_a-atexit.o)
 .ARM.attributes
                0x00000000000004eb       0x32 /usr/lib/gcc/arm-none-eabi/10.3.1/../../../arm-none-eabi/lib/thumb/v7e-m+dp/hard/libc.a(lib_a-fini.o)
 .ARM.attributes
                0x000000000000051d       0x30 /usr/lib/gcc/arm-none-eabi/10.3.1/../../../arm-none-eabi/lib/thumb/v7e-m+dp/hard/libc.a(lib_a-impure.o)
 .ARM.attributes
                0x000000000000054d       0x32 /usr/lib/gcc/arm-none-eabi/10.3.1/../../../arm-none-eabi/lib/thumb/v7e-m+dp/hard/libc.a(lib_a-init.o)
 .ARM.attributes
                0x000000000000057f       0x32 /usr/lib/gcc/arm-none-eabi/10.3.1/../../../arm-none-eabi/lib/thumb/v7e-m+dp/hard/libc.a(lib_a-malloc.o)
 .ARM.attributes
                0x00000000000005b1       0x32 /usr/lib/gcc/arm-none-eabi/10.3.1/../../../arm-none-eabi/lib/thumb/v7e-m+dp/hard/libc.a(lib_a-mallocr.o)
 .ARM.attributes
                0x00000000000005e3       0x32 /usr/lib/gcc/arm-none-eabi/10.3.1/../../../arm-none-eabi/lib/thumb/v7e-m+dp/hard/libc.a(lib_a-memset.o)
 .ARM.attributes
                0x0000000000000615       0x32 /usr/lib/gcc/arm-none-eabi/10.3.1/../../../arm-none-eabi/lib/thumb/v7e-m+dp/hard/libc.a(lib_a-mlock.o)
 .ARM.attributes
                0x0000000000000647       0x32 /usr/lib/gcc/arm-none-eabi/10.3.1/../../../arm-none-eabi/lib/thumb/v7e-m+dp/hard/libc.a(lib_a-sbrkr.o)
 .ARM.attributes
                0x0000000000000679       0x32 /usr/lib/gcc/arm-none-eabi/10.3.1/../../../arm-none-eabi/lib/thumb/v7e-m+dp/hard/libc.a(lib_a-signal.o)
 .ARM.attributes
                0x00000000000006ab       0x32 /usr/lib/gcc/arm-none-eabi/10.3.1/../../../arm-none-eabi/lib/thumb/v7e-m+dp/hard/libc.a(lib_a-signalr.o)
 .ARM.attributes
                0x00000000000006dd       0x1c /usr/lib/gcc/arm-none-eabi/10.3.1/../../../arm-none-eabi/lib/thumb/v7e-m+dp/hard/libc.a(lib_a-strcmp.o)
 .ARM.attributes
                0x00000000000006f9       0x32 /usr/lib/gcc/arm-none-eabi/10.3.1/../../../arm-none-eabi/lib/thumb/v7e-m+dp/hard/libc.a(lib_a-__atexit.o)
 .ARM.attributes
                0x000000000000072b       0x32 /usr/lib/gcc/arm-none-eabi/10.3.1/../../../arm-none-eabi/lib/thumb/v7e-m+dp/hard/libc.a(lib_a-__call_atexit.o)
 .ARM.attributes
                0x000000000000075d       0x32 /usr/lib/gcc/arm-none-eabi/10.3.1/../../../arm-none-eabi/lib/thumb/v7e-m+dp/hard/libc.a(lib_a-freer.o)
 .ARM.attributes
                0x000000000000078f       0x32 /usr/lib/gcc/arm-none-eabi/10.3.1/../../../arm-none-eabi/lib/thumb/v7e-m+dp/hard/libc.a(lib_a-reent.o)
 .ARM.attributes
                0x00000000000007c1       0x32 /usr/lib/gcc/arm-none-eabi/10.3.1/thumb/v7e-m+dp/hard/libgcc.a(unwind-arm.o)
 .ARM.attributes
                0x00000000000007f3       0x1e /usr/lib/gcc/arm-none-eabi/10.3.1/thumb/v7e-m+dp/hard/libgcc.a(libunwind.o)
 .ARM.attributes
                0x0000000000000811       0x32 /usr/lib/gcc/arm-none-eabi/10.3.1/thumb/v7e-m+dp/hard/libgcc.a(pr-support.o)
 .ARM.attributes
                0x0000000000000843       0x1c /usr/lib/gcc/arm-none-eabi/10.3.1/../../../arm-none-eabi/lib/thumb/v7e-m+dp/hard/libg.a(lib_a-memcpy.o)
 .ARM.attributes
                0x000000000000085f       0x32 /usr/lib/gcc/arm-none-eabi/10.3.1/../../../arm-none-eabi/lib/thumb/v7e-m+dp/hard/libnosys.a(getpid.o)
 .ARM.attributes
                0x0000000000000891       0x32 /usr/lib/gcc/arm-none-eabi/10.3.1/../../../arm-none-eabi/lib/thumb/v7e-m+dp/hard/libnosys.a(kill.o)
 .ARM.attributes
                0x00000000000008c3       0x32 /usr/lib/gcc/arm-none-eabi/10.3.1/../../../arm-none-eabi/lib/thumb/v7e-m+dp/hard/libnosys.a(sbrk.o)
 .ARM.attributes
                0x00000000000008f5       0x32 /usr/lib/gcc/arm-none-eabi/10.3.1/../../../arm-none-eabi/lib/thumb/v7e-m+dp/hard/libnosys.a(_exit.o)
 .ARM.attributes
                0x0000000000000927       0x30 /usr/lib/gcc/arm-none-eabi/10.3.1/thumb/v7e-m+dp/hard/crtend.o
 .ARM.attributes
                0x0000000000000957       0x1e /usr/lib/gcc/arm-none-eabi/10.3.1/thumb/v7e-m+dp/hard/crtn.o
OUTPUT(app/blink/blink elf32-littlearm)
LOAD linker stubs
LOAD /usr/lib/gcc/arm-none-eabi/10.3.1/../../../arm-none-eabi/lib/thumb/v7e-m+dp/hard/libc.a
LOAD /usr/lib/gcc/arm-none-eabi/10.3.1/../../../arm-none-eabi/lib/thumb/v7e-m+dp/hard/libm.a
LOAD /usr/lib/gcc/arm-none-eabi/10.3.1/thumb/v7e-m+dp/hard/libgcc.a

.comment        0x0000000000000000       0x33
 .comment       0x0000000000000000       0x33 /usr/lib/gcc/arm-none-eabi/10.3.1/thumb/v7e-m+dp/hard/crtbegin.o
                                         0x34 (size before relaxing)
 .comment       0x0000000000000033       0x34 app/blink/CMakeFiles/blink.dir/main.cc.obj
 .comment       0x0000000000000033       0x34 app/blink/bsp_h723/libblink_bsp.a(h723_board.cc.obj)
 .comment       0x0000000000000033       0x34 common/drivers/platform/stm32h7/libhal.a(st_gpio.cc.obj)
 .comment       0x0000000000000033       0x34 mcu_support/stm32/h7xx/libst_h7_support.a(system_stm32h7xx.c.obj)
 .comment       0x0000000000000033       0x34 /usr/lib/gcc/arm-none-eabi/10.3.1/../../../arm-none-eabi/lib/thumb/v7e-m+dp/hard/libstdc++.a(class_type_info.o)
 .comment       0x0000000000000033       0x34 /usr/lib/gcc/arm-none-eabi/10.3.1/../../../arm-none-eabi/lib/thumb/v7e-m+dp/hard/libstdc++.a(del_ops.o)
 .comment       0x0000000000000033       0x34 /usr/lib/gcc/arm-none-eabi/10.3.1/../../../arm-none-eabi/lib/thumb/v7e-m+dp/hard/libstdc++.a(pure.o)
 .comment       0x0000000000000033       0x34 /usr/lib/gcc/arm-none-eabi/10.3.1/../../../arm-none-eabi/lib/thumb/v7e-m+dp/hard/libstdc++.a(si_class_type_info.o)
 .comment       0x0000000000000033       0x34 /usr/lib/gcc/arm-none-eabi/10.3.1/../../../arm-none-eabi/lib/thumb/v7e-m+dp/hard/libstdc++.a(tinfo.o)
 .comment       0x0000000000000033       0x34 /usr/lib/gcc/arm-none-eabi/10.3.1/../../../arm-none-eabi/lib/thumb/v7e-m+dp/hard/libstdc++.a(del_op.o)
 .comment       0x0000000000000033       0x34 /usr/lib/gcc/arm-none-eabi/10.3.1/../../../arm-none-eabi/lib/thumb/v7e-m+dp/hard/libstdc++.a(eh_terminate.o)
 .comment       0x0000000000000033       0x34 /usr/lib/gcc/arm-none-eabi/10.3.1/../../../arm-none-eabi/lib/thumb/v7e-m+dp/hard/libstdc++.a(eh_unex_handler.o)
 .comment       0x0000000000000033       0x34 /usr/lib/gcc/arm-none-eabi/10.3.1/../../../arm-none-eabi/lib/thumb/v7e-m+dp/hard/libstdc++.a(eh_arm.o)
 .comment       0x0000000000000033       0x34 /usr/lib/gcc/arm-none-eabi/10.3.1/../../../arm-none-eabi/lib/thumb/v7e-m+dp/hard/libstdc++.a(eh_call.o)
 .comment       0x0000000000000033       0x34 /usr/lib/gcc/arm-none-eabi/10.3.1/../../../arm-none-eabi/lib/thumb/v7e-m+dp/hard/libstdc++.a(eh_catch.o)
 .comment       0x0000000000000033       0x34 /usr/lib/gcc/arm-none-eabi/10.3.1/../../../arm-none-eabi/lib/thumb/v7e-m+dp/hard/libstdc++.a(eh_exception.o)
 .comment       0x0000000000000033       0x34 /usr/lib/gcc/arm-none-eabi/10.3.1/../../../arm-none-eabi/lib/thumb/v7e-m+dp/hard/libstdc++.a(eh_globals.o)
 .comment       0x0000000000000033       0x34 /usr/lib/gcc/arm-none-eabi/10.3.1/../../../arm-none-eabi/lib/thumb/v7e-m+dp/hard/libstdc++.a(eh_personality.o)
 .comment       0x0000000000000033       0x34 /usr/lib/gcc/arm-none-eabi/10.3.1/../../../arm-none-eabi/lib/thumb/v7e-m+dp/hard/libstdc++.a(eh_term_handler.o)
 .comment       0x0000000000000033       0x34 /usr/lib/gcc/arm-none-eabi/10.3.1/../../../arm-none-eabi/lib/thumb/v7e-m+dp/hard/libstdc++.a(eh_throw.o)
 .comment       0x0000000000000033       0x34 /usr/lib/gcc/arm-none-eabi/10.3.1/../../../arm-none-eabi/lib/thumb/v7e-m+dp/hard/libstdc++.a(eh_alloc.o)
 .comment       0x0000000000000033       0x34 /usr/lib/gcc/arm-none-eabi/10.3.1/../../../arm-none-eabi/lib/thumb/v7e-m+dp/hard/libc.a(lib_a-abort.o)
 .comment       0x0000000000000033       0x34 /usr/lib/gcc/arm-none-eabi/10.3.1/../../../arm-none-eabi/lib/thumb/v7e-m+dp/hard/libc.a(lib_a-atexit.o)
 .comment       0x0000000000000033       0x34 /usr/lib/gcc/arm-none-eabi/10.3.1/../../../arm-none-eabi/lib/thumb/v7e-m+dp/hard/libc.a(lib_a-fini.o)
 .comment       0x0000000000000033       0x34 /usr/lib/gcc/arm-none-eabi/10.3.1/../../../arm-none-eabi/lib/thumb/v7e-m+dp/hard/libc.a(lib_a-impure.o)
 .comment       0x0000000000000033       0x34 /usr/lib/gcc/arm-none-eabi/10.3.1/../../../arm-none-eabi/lib/thumb/v7e-m+dp/hard/libc.a(lib_a-init.o)
 .comment       0x0000000000000033       0x34 /usr/lib/gcc/arm-none-eabi/10.3.1/../../../arm-none-eabi/lib/thumb/v7e-m+dp/hard/libc.a(lib_a-malloc.o)
 .comment       0x0000000000000033       0x34 /usr/lib/gcc/arm-none-eabi/10.3.1/../../../arm-none-eabi/lib/thumb/v7e-m+dp/hard/libc.a(lib_a-mallocr.o)
 .comment       0x0000000000000033       0x34 /usr/lib/gcc/arm-none-eabi/10.3.1/../../../arm-none-eabi/lib/thumb/v7e-m+dp/hard/libc.a(lib_a-memset.o)
 .comment       0x0000000000000033       0x34 /usr/lib/gcc/arm-none-eabi/10.3.1/../../../arm-none-eabi/lib/thumb/v7e-m+dp/hard/libc.a(lib_a-mlock.o)
 .comment       0x0000000000000033       0x34 /usr/lib/gcc/arm-none-eabi/10.3.1/../../../arm-none-eabi/lib/thumb/v7e-m+dp/hard/libc.a(lib_a-sbrkr.o)
 .comment       0x0000000000000033       0x34 /usr/lib/gcc/arm-none-eabi/10.3.1/../../../arm-none-eabi/lib/thumb/v7e-m+dp/hard/libc.a(lib_a-signal.o)
 .comment       0x0000000000000033       0x34 /usr/lib/gcc/arm-none-eabi/10.3.1/../../../arm-none-eabi/lib/thumb/v7e-m+dp/hard/libc.a(lib_a-signalr.o)
 .comment       0x0000000000000033       0x34 /usr/lib/gcc/arm-none-eabi/10.3.1/../../../arm-none-eabi/lib/thumb/v7e-m+dp/hard/libc.a(lib_a-__atexit.o)
 .comment       0x0000000000000033       0x34 /usr/lib/gcc/arm-none-eabi/10.3.1/../../../arm-none-eabi/lib/thumb/v7e-m+dp/hard/libc.a(lib_a-__call_atexit.o)
 .comment       0x0000000000000033       0x34 /usr/lib/gcc/arm-none-eabi/10.3.1/../../../arm-none-eabi/lib/thumb/v7e-m+dp/hard/libc.a(lib_a-freer.o)
 .comment       0x0000000000000033       0x34 /usr/lib/gcc/arm-none-eabi/10.3.1/../../../arm-none-eabi/lib/thumb/v7e-m+dp/hard/libc.a(lib_a-reent.o)
 .comment       0x0000000000000033       0x34 /usr/lib/gcc/arm-none-eabi/10.3.1/thumb/v7e-m+dp/hard/libgcc.a(unwind-arm.o)
 .comment       0x0000000000000033       0x34 /usr/lib/gcc/arm-none-eabi/10.3.1/thumb/v7e-m+dp/hard/libgcc.a(pr-support.o)
 .comment       0x0000000000000033       0x34 /usr/lib/gcc/arm-none-eabi/10.3.1/../../../arm-none-eabi/lib/thumb/v7e-m+dp/hard/libnosys.a(getpid.o)
 .comment       0x0000000000000033       0x34 /usr/lib/gcc/arm-none-eabi/10.3.1/../../../arm-none-eabi/lib/thumb/v7e-m+dp/hard/libnosys.a(kill.o)
 .comment       0x0000000000000033       0x34 /usr/lib/gcc/arm-none-eabi/10.3.1/../../../arm-none-eabi/lib/thumb/v7e-m+dp/hard/libnosys.a(sbrk.o)
 .comment       0x0000000000000033       0x34 /usr/lib/gcc/arm-none-eabi/10.3.1/../../../arm-none-eabi/lib/thumb/v7e-m+dp/hard/libnosys.a(_exit.o)
 .comment       0x0000000000000033       0x34 /usr/lib/gcc/arm-none-eabi/10.3.1/thumb/v7e-m+dp/hard/crtend.o
